{- ('{-')
commenttext ('\nmain = 1; ')
commenttext ('{-')
commenttext ('# ANN module ("HLint: ignore Use camelCase" :: String) #')
commenttext ('-}')
commenttext ('\nmain = 1; ')
commenttext ('{-')
commenttext ('# ANN module (1 + (2)) #')
commenttext ('-}')
commenttext ('\n')
-} ('-}')
WHITE_SPACE ('\n')
module ('module')
WHITE_SPACE (' ')
conidRegexp ('Comment00006')
WHITE_SPACE (' ')
where ('where')
Synthetic leftbrace ('')
Synthetic rightbrace ('')