{-# ('{-#')
WHITE_SPACE (' ')
PRAGMA ('LANGUAGE')
WHITE_SPACE (' ')
PRAGMA ('MagicHash,')
WHITE_SPACE (' ')
PRAGMA ('FlexibleContexts,')
WHITE_SPACE (' ')
PRAGMA ('MultiParamTypeClasses,')
WHITE_SPACE (' ')
PRAGMA ('TypeFamilies,')
WHITE_SPACE (' ')
PRAGMA ('DataKinds')
WHITE_SPACE (' ')
#-} ('#-}')
WHITE_SPACE ('\n')
module ('module')
WHITE_SPACE (' ')
conidRegexp ('Eta00001')
WHITE_SPACE (' ')
where ('where')
WHITE_SPACE ('\n')
WHITE_SPACE ('\n')
Synthetic leftbrace ('')
data ('data')
WHITE_SPACE (' ')
{-# ('{-#')
WHITE_SPACE (' ')
PRAGMA ('CLASS')
WHITE_SPACE (' ')
PRAGMA ('"java.util.Collection"')
WHITE_SPACE (' ')
#-} ('#-}')
WHITE_SPACE (' ')
conidRegexp ('Collection')
WHITE_SPACE (' ')
varidRegexp ('a')
WHITE_SPACE (' ')
= ('=')
WHITE_SPACE (' ')
conidRegexp ('Collection')
WHITE_SPACE (' ')
( ('(')
conidRegexp ('Object')
# ('#')
WHITE_SPACE (' ')
( ('(')
conidRegexp ('Collection')
WHITE_SPACE (' ')
varidRegexp ('a')
) (')')
) (')')
WHITE_SPACE ('\n')
Synthetic semicolon ('')
data ('data')
WHITE_SPACE (' ')
{-# ('{-#')
WHITE_SPACE (' ')
PRAGMA ('CLASS')
WHITE_SPACE (' ')
PRAGMA ('"java.util.ArrayList"')
WHITE_SPACE (' ')
#-} ('#-}')
WHITE_SPACE (' ')
conidRegexp ('ArrayList')
WHITE_SPACE (' ')
varidRegexp ('a')
WHITE_SPACE (' ')
= ('=')
WHITE_SPACE (' ')
conidRegexp ('ArrayList')
WHITE_SPACE (' ')
( ('(')
conidRegexp ('Object')
# ('#')
WHITE_SPACE (' ')
( ('(')
conidRegexp ('ArrayList')
WHITE_SPACE (' ')
varidRegexp ('a')
) (')')
) (')')
WHITE_SPACE ('\n')
Synthetic semicolon ('')
data ('data')
WHITE_SPACE (' ')
{-# ('{-#')
WHITE_SPACE (' ')
PRAGMA ('CLASS')
WHITE_SPACE (' ')
PRAGMA ('"java.util.List"')
WHITE_SPACE (' ')
#-} ('#-}')
WHITE_SPACE (' ')
conidRegexp ('List')
WHITE_SPACE (' ')
varidRegexp ('a')
WHITE_SPACE (' ')
= ('=')
WHITE_SPACE (' ')
conidRegexp ('List')
WHITE_SPACE (' ')
( ('(')
conidRegexp ('Object')
# ('#')
WHITE_SPACE (' ')
( ('(')
conidRegexp ('List')
WHITE_SPACE (' ')
varidRegexp ('a')
) (')')
) (')')
WHITE_SPACE ('\n')
Synthetic semicolon ('')
data ('data')
WHITE_SPACE (' ')
{-# ('{-#')
WHITE_SPACE (' ')
PRAGMA ('CLASS')
WHITE_SPACE (' ')
PRAGMA ('"java.lang.Integer"')
WHITE_SPACE (' ')
#-} ('#-}')
WHITE_SPACE (' ')
conidRegexp ('JInteger')
WHITE_SPACE (' ')
= ('=')
WHITE_SPACE (' ')
conidRegexp ('JInteger')
WHITE_SPACE (' ')
( ('(')
conidRegexp ('Object')
# ('#')
WHITE_SPACE (' ')
conidRegexp ('JInteger')
) (')')
WHITE_SPACE ('\n')
Synthetic semicolon ('')
data ('data')
WHITE_SPACE (' ')
{-# ('{-#')
WHITE_SPACE (' ')
PRAGMA ('CLASS')
WHITE_SPACE (' ')
PRAGMA ('"java.io.PrintStream"')
WHITE_SPACE (' ')
#-} ('#-}')
WHITE_SPACE (' ')
conidRegexp ('PrintStream')
WHITE_SPACE (' ')
= ('=')
WHITE_SPACE (' ')
conidRegexp ('PrintStream')
WHITE_SPACE (' ')
( ('(')
conidRegexp ('Object')
# ('#')
WHITE_SPACE (' ')
conidRegexp ('PrintStream')
) (')')
WHITE_SPACE ('\n')
WHITE_SPACE ('\n')
Synthetic semicolon ('')
instance ('instance')
WHITE_SPACE (' ')
conidRegexp ('Class')
WHITE_SPACE (' ')
( ('(')
conidRegexp ('ArrayList')
WHITE_SPACE (' ')
varidRegexp ('a')
) (')')
WHITE_SPACE (' ')
where ('where')
WHITE_SPACE ('\n')
WHITE_SPACE (' ')
WHITE_SPACE (' ')
Synthetic leftbrace ('')
varidRegexp ('obj')
WHITE_SPACE (' ')
= ('=')
WHITE_SPACE (' ')
conidRegexp ('ArrayList')
WHITE_SPACE ('\n')
WHITE_SPACE (' ')
WHITE_SPACE (' ')
Synthetic semicolon ('')
varidRegexp ('unobj')
WHITE_SPACE (' ')
( ('(')
conidRegexp ('ArrayList')
WHITE_SPACE (' ')
varidRegexp ('o')
) (')')
WHITE_SPACE (' ')
= ('=')
WHITE_SPACE (' ')
varidRegexp ('o')
WHITE_SPACE ('\n')
WHITE_SPACE ('\n')
Synthetic rightbrace ('')
Synthetic semicolon ('')
instance ('instance')
WHITE_SPACE (' ')
conidRegexp ('Class')
WHITE_SPACE (' ')
( ('(')
conidRegexp ('List')
WHITE_SPACE (' ')
varidRegexp ('a')
) (')')
WHITE_SPACE (' ')
where ('where')
WHITE_SPACE ('\n')
WHITE_SPACE (' ')
WHITE_SPACE (' ')
Synthetic leftbrace ('')
varidRegexp ('obj')
WHITE_SPACE (' ')
= ('=')
WHITE_SPACE (' ')
conidRegexp ('List')
WHITE_SPACE ('\n')
WHITE_SPACE (' ')
WHITE_SPACE (' ')
Synthetic semicolon ('')
varidRegexp ('unobj')
WHITE_SPACE (' ')
( ('(')
conidRegexp ('List')
WHITE_SPACE (' ')
varidRegexp ('o')
) (')')
WHITE_SPACE (' ')
= ('=')
WHITE_SPACE (' ')
varidRegexp ('o')
WHITE_SPACE ('\n')
WHITE_SPACE ('\n')
Synthetic rightbrace ('')
Synthetic semicolon ('')
instance ('instance')
WHITE_SPACE (' ')
conidRegexp ('Class')
WHITE_SPACE (' ')
( ('(')
conidRegexp ('Collection')
WHITE_SPACE (' ')
varidRegexp ('a')
) (')')
WHITE_SPACE (' ')
where ('where')
WHITE_SPACE ('\n')
WHITE_SPACE (' ')
WHITE_SPACE (' ')
Synthetic leftbrace ('')
varidRegexp ('obj')
WHITE_SPACE (' ')
= ('=')
WHITE_SPACE (' ')
conidRegexp ('Collection')
WHITE_SPACE ('\n')
WHITE_SPACE (' ')
WHITE_SPACE (' ')
Synthetic semicolon ('')
varidRegexp ('unobj')
WHITE_SPACE (' ')
( ('(')
conidRegexp ('Collection')
WHITE_SPACE (' ')
varidRegexp ('o')
) (')')
WHITE_SPACE (' ')
= ('=')
WHITE_SPACE (' ')
varidRegexp ('o')
WHITE_SPACE ('\n')
WHITE_SPACE ('\n')
Synthetic rightbrace ('')
Synthetic semicolon ('')
instance ('instance')
WHITE_SPACE (' ')
conidRegexp ('Class')
WHITE_SPACE (' ')
conidRegexp ('JInteger')
WHITE_SPACE (' ')
where ('where')
WHITE_SPACE ('\n')
WHITE_SPACE (' ')
WHITE_SPACE (' ')
Synthetic leftbrace ('')
varidRegexp ('obj')
WHITE_SPACE (' ')
= ('=')
WHITE_SPACE (' ')
conidRegexp ('JInteger')
WHITE_SPACE ('\n')
WHITE_SPACE (' ')
WHITE_SPACE (' ')
Synthetic semicolon ('')
varidRegexp ('unobj')
WHITE_SPACE (' ')
( ('(')
conidRegexp ('JInteger')
WHITE_SPACE (' ')
varidRegexp ('o')
) (')')
WHITE_SPACE (' ')
= ('=')
WHITE_SPACE (' ')
varidRegexp ('o')
WHITE_SPACE ('\n')
WHITE_SPACE ('\n')
Synthetic rightbrace ('')
Synthetic semicolon ('')
instance ('instance')
WHITE_SPACE (' ')
conidRegexp ('Class')
WHITE_SPACE (' ')
conidRegexp ('PrintStream')
WHITE_SPACE (' ')
where ('where')
WHITE_SPACE ('\n')
WHITE_SPACE (' ')
WHITE_SPACE (' ')
Synthetic leftbrace ('')
varidRegexp ('obj')
WHITE_SPACE (' ')
= ('=')
WHITE_SPACE (' ')
conidRegexp ('PrintStream')
WHITE_SPACE ('\n')
WHITE_SPACE (' ')
WHITE_SPACE (' ')
Synthetic semicolon ('')
varidRegexp ('unobj')
WHITE_SPACE (' ')
( ('(')
conidRegexp ('PrintStream')
WHITE_SPACE (' ')
varidRegexp ('o')
) (')')
WHITE_SPACE (' ')
= ('=')
WHITE_SPACE (' ')
varidRegexp ('o')
WHITE_SPACE ('\n')
WHITE_SPACE ('\n')
Synthetic rightbrace ('')
Synthetic semicolon ('')
type ('type')
WHITE_SPACE (' ')
instance ('instance')
WHITE_SPACE (' ')
conidRegexp ('Inherits')
WHITE_SPACE (' ')
( ('(')
conidRegexp ('ArrayList')
WHITE_SPACE (' ')
varidRegexp ('a')
) (')')
WHITE_SPACE (' ')
= ('=')
WHITE_SPACE (' ')
' (''')
[ ('[')
conidRegexp ('List')
WHITE_SPACE (' ')
varidRegexp ('a')
] (']')
WHITE_SPACE ('\n')
Synthetic semicolon ('')
type ('type')
WHITE_SPACE (' ')
instance ('instance')
WHITE_SPACE (' ')
conidRegexp ('Inherits')
WHITE_SPACE (' ')
( ('(')
conidRegexp ('List')
WHITE_SPACE (' ')
varidRegexp ('a')
) (')')
WHITE_SPACE (' ')
= ('=')
WHITE_SPACE (' ')
' (''')
[ ('[')
conidRegexp ('Collection')
WHITE_SPACE (' ')
varidRegexp ('a')
] (']')
WHITE_SPACE ('\n')
Synthetic semicolon ('')
type ('type')
WHITE_SPACE (' ')
instance ('instance')
WHITE_SPACE (' ')
conidRegexp ('Inherits')
WHITE_SPACE (' ')
conidRegexp ('JInteger')
WHITE_SPACE (' ')
= ('=')
WHITE_SPACE (' ')
' (''')
[ ('[')
conidRegexp ('Object')
] (']')
WHITE_SPACE ('\n')
WHITE_SPACE ('\n')
Synthetic semicolon ('')
foreign ('foreign')
WHITE_SPACE (' ')
import ('import')
WHITE_SPACE (' ')
varidRegexp ('java')
WHITE_SPACE (' ')
varidRegexp ('unsafe')
WHITE_SPACE (' ')
" ('"')
STRINGTOKEN ('@new')
" ('"')
WHITE_SPACE (' ')
varidRegexp ('newInteger')
WHITE_SPACE (' ')
:: ('::')
WHITE_SPACE (' ')
conidRegexp ('Int')
WHITE_SPACE (' ')
-> ('->')
WHITE_SPACE (' ')
conidRegexp ('JInteger')
WHITE_SPACE ('\n')
Synthetic semicolon ('')
foreign ('foreign')
WHITE_SPACE (' ')
import ('import')
WHITE_SPACE (' ')
varidRegexp ('java')
WHITE_SPACE (' ')
varidRegexp ('unsafe')
WHITE_SPACE (' ')
" ('"')
STRINGTOKEN ('intValue')
" ('"')
WHITE_SPACE (' ')
varidRegexp ('intValue')
WHITE_SPACE (' ')
:: ('::')
WHITE_SPACE (' ')
conidRegexp ('JInteger')
WHITE_SPACE (' ')
-> ('->')
WHITE_SPACE (' ')
conidRegexp ('Int')
WHITE_SPACE ('\n')
Synthetic semicolon ('')
foreign ('foreign')
WHITE_SPACE (' ')
import ('import')
WHITE_SPACE (' ')
varidRegexp ('java')
WHITE_SPACE (' ')
varidRegexp ('unsafe')
WHITE_SPACE (' ')
" ('"')
STRINGTOKEN ('@new')
" ('"')
WHITE_SPACE (' ')
varidRegexp ('newArrayList')
WHITE_SPACE (' ')
:: ('::')
WHITE_SPACE (' ')
conidRegexp ('IO')
WHITE_SPACE (' ')
( ('(')
conidRegexp ('ArrayList')
WHITE_SPACE (' ')
varidRegexp ('a')
) (')')
WHITE_SPACE ('\n')
Synthetic semicolon ('')
foreign ('foreign')
WHITE_SPACE (' ')
import ('import')
WHITE_SPACE (' ')
varidRegexp ('java')
WHITE_SPACE (' ')
varidRegexp ('unsafe')
WHITE_SPACE (' ')
" ('"')
STRINGTOKEN ('add')
" ('"')
WHITE_SPACE (' ')
varidRegexp ('add')
WHITE_SPACE (' ')
:: ('::')
WHITE_SPACE (' ')
( ('(')
conidRegexp ('Extends')
WHITE_SPACE (' ')
varidRegexp ('a')
WHITE_SPACE (' ')
conidRegexp ('Object')
, (',')
WHITE_SPACE (' ')
conidRegexp ('Extends')
WHITE_SPACE (' ')
varidRegexp ('b')
WHITE_SPACE (' ')
( ('(')
conidRegexp ('Collection')
WHITE_SPACE (' ')
varidRegexp ('a')
) (')')
) (')')
WHITE_SPACE (' ')
=> ('=>')
WHITE_SPACE (' ')
varidRegexp ('a')
WHITE_SPACE (' ')
-> ('->')
WHITE_SPACE (' ')
conidRegexp ('Java')
WHITE_SPACE (' ')
varidRegexp ('b')
WHITE_SPACE (' ')
conidRegexp ('Bool')
WHITE_SPACE ('\n')
Synthetic semicolon ('')
foreign ('foreign')
WHITE_SPACE (' ')
import ('import')
WHITE_SPACE (' ')
varidRegexp ('java')
WHITE_SPACE (' ')
varidRegexp ('unsafe')
WHITE_SPACE (' ')
" ('"')
STRINGTOKEN ('get')
" ('"')
WHITE_SPACE (' ')
varidRegexp ('get')
WHITE_SPACE (' ')
:: ('::')
WHITE_SPACE (' ')
( ('(')
conidRegexp ('Extends')
WHITE_SPACE (' ')
varidRegexp ('a')
WHITE_SPACE (' ')
conidRegexp ('Object')
, (',')
WHITE_SPACE (' ')
conidRegexp ('Extends')
WHITE_SPACE (' ')
varidRegexp ('b')
WHITE_SPACE (' ')
( ('(')
conidRegexp ('List')
WHITE_SPACE (' ')
varidRegexp ('a')
) (')')
) (')')
WHITE_SPACE (' ')
=> ('=>')
WHITE_SPACE (' ')
conidRegexp ('Int')
WHITE_SPACE (' ')
-> ('->')
WHITE_SPACE (' ')
conidRegexp ('Java')
WHITE_SPACE (' ')
varidRegexp ('b')
WHITE_SPACE (' ')
varidRegexp ('a')
WHITE_SPACE ('\n')
Synthetic semicolon ('')
foreign ('foreign')
WHITE_SPACE (' ')
import ('import')
WHITE_SPACE (' ')
varidRegexp ('java')
WHITE_SPACE (' ')
varidRegexp ('unsafe')
WHITE_SPACE (' ')
" ('"')
STRINGTOKEN ('@static @field java.lang.System.out')
" ('"')
WHITE_SPACE (' ')
varidRegexp ('stdout'')
WHITE_SPACE (' ')
:: ('::')
WHITE_SPACE (' ')
conidRegexp ('PrintStream')
WHITE_SPACE ('\n')
Synthetic semicolon ('')
foreign ('foreign')
WHITE_SPACE (' ')
import ('import')
WHITE_SPACE (' ')
varidRegexp ('java')
WHITE_SPACE (' ')
varidRegexp ('unsafe')
WHITE_SPACE (' ')
" ('"')
STRINGTOKEN ('println')
" ('"')
WHITE_SPACE (' ')
varidRegexp ('println')
WHITE_SPACE (' ')
:: ('::')
WHITE_SPACE (' ')
conidRegexp ('Extends')
WHITE_SPACE (' ')
varidRegexp ('a')
WHITE_SPACE (' ')
conidRegexp ('Object')
WHITE_SPACE (' ')
=> ('=>')
WHITE_SPACE (' ')
conidRegexp ('PrintStream')
WHITE_SPACE (' ')
-> ('->')
WHITE_SPACE (' ')
varidRegexp ('a')
WHITE_SPACE (' ')
-> ('->')
WHITE_SPACE (' ')
conidRegexp ('IO')
WHITE_SPACE (' ')
conidRegexp ('()')
Synthetic rightbrace ('')