module ('module')
WHITE_SPACE (' ')
conidRegexp ('FFI00001')
WHITE_SPACE (' ')
where ('where')
WHITE_SPACE ('\n')
WHITE_SPACE ('\n')
Synthetic leftbrace ('')
foreign ('foreign')
WHITE_SPACE (' ')
import ('import')
WHITE_SPACE (' ')
varidRegexp ('ccall')
WHITE_SPACE (' ')
varidRegexp ('unsafe')
WHITE_SPACE (' ')
" ('"')
STRINGTOKEN ('wool-common.h wool_init')
" ('"')
WHITE_SPACE (' ')
varidRegexp ('initWool')
WHITE_SPACE (' ')
:: ('::')
WHITE_SPACE (' ')
conidRegexp ('CInt')
WHITE_SPACE (' ')
-> ('->')
WHITE_SPACE (' ')
conidRegexp ('Ptr')
WHITE_SPACE (' ')
conidRegexp ('CString')
WHITE_SPACE (' ')
-> ('->')
WHITE_SPACE (' ')
conidRegexp ('IO')
WHITE_SPACE (' ')
conidRegexp ('CInt')
WHITE_SPACE ('\n')
WHITE_SPACE ('\n')
Synthetic semicolon ('')
foreign ('foreign')
WHITE_SPACE (' ')
export ('export')
WHITE_SPACE (' ')
varidRegexp ('ccall')
WHITE_SPACE (' ')
varidRegexp ('id')
WHITE_SPACE (' ')
:: ('::')
WHITE_SPACE (' ')
conidRegexp ('Int')
WHITE_SPACE (' ')
-> ('->')
WHITE_SPACE (' ')
conidRegexp ('Int')
WHITE_SPACE (' ')
-> ('->')
WHITE_SPACE (' ')
conidRegexp ('IO')
WHITE_SPACE (' ')
conidRegexp ('CString')
Synthetic rightbrace ('')