{-# ('{-#')
WHITE_SPACE (' ')
PRAGMA ('LANGUAGE')
WHITE_SPACE (' ')
PRAGMA ('GADTs')
WHITE_SPACE (' ')
#-} ('#-}')
WHITE_SPACE ('\n')
module ('module')
WHITE_SPACE (' ')
conidRegexp ('Fun00001')
WHITE_SPACE (' ')
where ('where')
WHITE_SPACE ('\n')
WHITE_SPACE ('\n')
Synthetic leftbrace ('')
data ('data')
WHITE_SPACE (' ')
conidRegexp ('Maybe')
WHITE_SPACE (' ')
varidRegexp ('a')
WHITE_SPACE (' ')
= ('=')
WHITE_SPACE (' ')
conidRegexp ('Nothing')
WHITE_SPACE (' ')
| ('|')
WHITE_SPACE (' ')
conidRegexp ('Just')
WHITE_SPACE (' ')
varidRegexp ('a')
WHITE_SPACE ('\n')
WHITE_SPACE ('\n')
Synthetic semicolon ('')
type ('type')
WHITE_SPACE (' ')
conidRegexp ('Perhaps')
WHITE_SPACE (' ')
varidRegexp ('a')
WHITE_SPACE (' ')
= ('=')
WHITE_SPACE (' ')
conidRegexp ('Maybe')
WHITE_SPACE (' ')
varidRegexp ('a')
Synthetic rightbrace ('')