{-# ('{-#')
WHITE_SPACE (' ')
PRAGMA ('LANGUAGE')
WHITE_SPACE (' ')
PRAGMA ('GADTs')
WHITE_SPACE (' ')
#-} ('#-}')
WHITE_SPACE ('\n')
{-# ('{-#')
WHITE_SPACE (' ')
PRAGMA ('LANGUAGE')
WHITE_SPACE (' ')
PRAGMA ('KindSignatures')
WHITE_SPACE (' ')
#-} ('#-}')
WHITE_SPACE ('\n')
{-# ('{-#')
WHITE_SPACE (' ')
PRAGMA ('LANGUAGE')
WHITE_SPACE (' ')
PRAGMA ('RankNTypes')
WHITE_SPACE (' ')
#-} ('#-}')
WHITE_SPACE ('\n')
{-# ('{-#')
WHITE_SPACE (' ')
PRAGMA ('LANGUAGE')
WHITE_SPACE (' ')
PRAGMA ('ScopedTypeVariables')
WHITE_SPACE (' ')
#-} ('#-}')
WHITE_SPACE ('\n')
{-# ('{-#')
WHITE_SPACE (' ')
PRAGMA ('LANGUAGE')
WHITE_SPACE (' ')
PRAGMA ('NPlusKPatterns')
WHITE_SPACE (' ')
#-} ('#-}')
WHITE_SPACE ('\n')
{-# ('{-#')
WHITE_SPACE (' ')
PRAGMA ('LANGUAGE')
WHITE_SPACE (' ')
PRAGMA ('BangPatterns')
WHITE_SPACE (' ')
#-} ('#-}')
WHITE_SPACE ('\n')
{-# ('{-#')
WHITE_SPACE (' ')
PRAGMA ('LANGUAGE')
WHITE_SPACE (' ')
PRAGMA ('ViewPatterns')
WHITE_SPACE (' ')
#-} ('#-}')
WHITE_SPACE ('\n')
{-# ('{-#')
WHITE_SPACE (' ')
PRAGMA ('LANGUAGE')
WHITE_SPACE (' ')
PRAGMA ('PatternGuards')
WHITE_SPACE (' ')
#-} ('#-}')
WHITE_SPACE ('\n\n')
module ('module')
WHITE_SPACE (' ')
conidRegexp ('Fun00003')
WHITE_SPACE (' ')
where ('where')
WHITE_SPACE ('\n')
WHITE_SPACE ('\n')
Synthetic leftbrace ('')
instance ('instance')
WHITE_SPACE (' ')
conidRegexp ('Show')
WHITE_SPACE (' ')
( ('(')
conidRegexp ('Info')
WHITE_SPACE (' ')
varidRegexp ('a')
) (')')
WHITE_SPACE ('\n')
WHITE_SPACE (' ')
WHITE_SPACE (' ')
where ('where')
WHITE_SPACE ('\n')
WHITE_SPACE (' ')
WHITE_SPACE (' ')
WHITE_SPACE (' ')
WHITE_SPACE (' ')
Synthetic leftbrace ('')
varidRegexp ('show')
WHITE_SPACE (' ')
varidRegexp ('i')
@ ('@')
( ('(')
conidRegexp ('Info')
WHITE_SPACE (' ')
{ ('{')
} ('}')
) (')')
WHITE_SPACE (' ')
= ('=')
WHITE_SPACE (' ')
varidRegexp ('show')
WHITE_SPACE (' ')
( ('(')
varidRegexp ('infoType')
WHITE_SPACE (' ')
varidRegexp ('i')
) (')')
WHITE_SPACE (' ')
VarsymPlus ('++')
WHITE_SPACE (' ')
varidRegexp ('szStr')
WHITE_SPACE (' ')
VarsymPlus ('++')
WHITE_SPACE (' ')
varidRegexp ('srcStr')
WHITE_SPACE ('\n')
WHITE_SPACE (' ')
WHITE_SPACE (' ')
WHITE_SPACE (' ')
WHITE_SPACE (' ')
WHITE_SPACE (' ')
WHITE_SPACE (' ')
where ('where')
WHITE_SPACE ('\n')
WHITE_SPACE (' ')
WHITE_SPACE (' ')
WHITE_SPACE (' ')
WHITE_SPACE (' ')
WHITE_SPACE (' ')
WHITE_SPACE (' ')
WHITE_SPACE (' ')
WHITE_SPACE (' ')
Synthetic leftbrace ('')
varidRegexp ('szStr')
WHITE_SPACE (' ')
= ('=')
WHITE_SPACE (' ')
case ('case')
WHITE_SPACE (' ')
varidRegexp ('show')
WHITE_SPACE (' ')
( ('(')
varidRegexp ('infoSize')
WHITE_SPACE (' ')
varidRegexp ('i')
) (')')
WHITE_SPACE (' ')
of ('of')
WHITE_SPACE ('\n')
WHITE_SPACE (' ')
WHITE_SPACE (' ')
WHITE_SPACE (' ')
WHITE_SPACE (' ')
WHITE_SPACE (' ')
WHITE_SPACE (' ')
WHITE_SPACE (' ')
WHITE_SPACE (' ')
WHITE_SPACE (' ')
WHITE_SPACE (' ')
Synthetic leftbrace ('')
" ('"')
STRINGTOKEN ('AnySize')
" ('"')
WHITE_SPACE (' ')
-> ('->')
WHITE_SPACE (' ')
" ('"')
" ('"')
WHITE_SPACE ('\n')
WHITE_SPACE (' ')
WHITE_SPACE (' ')
WHITE_SPACE (' ')
WHITE_SPACE (' ')
WHITE_SPACE (' ')
WHITE_SPACE (' ')
WHITE_SPACE (' ')
WHITE_SPACE (' ')
WHITE_SPACE (' ')
WHITE_SPACE (' ')
Synthetic semicolon ('')
varidRegexp ('str')
WHITE_SPACE (' ')
WHITE_SPACE (' ')
WHITE_SPACE (' ')
WHITE_SPACE (' ')
WHITE_SPACE (' ')
WHITE_SPACE (' ')
WHITE_SPACE (' ')
-> ('->')
WHITE_SPACE (' ')
" ('"')
STRINGTOKEN (' | ')
" ('"')
WHITE_SPACE (' ')
VarsymPlus ('++')
WHITE_SPACE (' ')
varidRegexp ('str')
WHITE_SPACE ('\n')
WHITE_SPACE ('\n')
WHITE_SPACE (' ')
WHITE_SPACE (' ')
WHITE_SPACE (' ')
WHITE_SPACE (' ')
WHITE_SPACE (' ')
WHITE_SPACE (' ')
WHITE_SPACE (' ')
WHITE_SPACE (' ')
Synthetic rightbrace ('')
Synthetic semicolon ('')
varidRegexp ('srcStr')
WHITE_SPACE (' ')
= ('=')
WHITE_SPACE (' ')
case ('case')
WHITE_SPACE (' ')
varidRegexp ('infoSource')
WHITE_SPACE (' ')
varidRegexp ('i')
WHITE_SPACE (' ')
of ('of')
WHITE_SPACE ('\n')
WHITE_SPACE (' ')
WHITE_SPACE (' ')
WHITE_SPACE (' ')
WHITE_SPACE (' ')
WHITE_SPACE (' ')
WHITE_SPACE (' ')
WHITE_SPACE (' ')
WHITE_SPACE (' ')
WHITE_SPACE (' ')
WHITE_SPACE (' ')
Synthetic leftbrace ('')
" ('"')
" ('"')
WHITE_SPACE (' ')
WHITE_SPACE (' ')
-> ('->')
WHITE_SPACE (' ')
" ('"')
" ('"')
WHITE_SPACE ('\n')
WHITE_SPACE (' ')
WHITE_SPACE (' ')
WHITE_SPACE (' ')
WHITE_SPACE (' ')
WHITE_SPACE (' ')
WHITE_SPACE (' ')
WHITE_SPACE (' ')
WHITE_SPACE (' ')
WHITE_SPACE (' ')
WHITE_SPACE (' ')
Synthetic semicolon ('')
varidRegexp ('src')
WHITE_SPACE (' ')
-> ('->')
WHITE_SPACE (' ')
" ('"')
STRINGTOKEN (' | ')
" ('"')
WHITE_SPACE (' ')
VarsymPlus ('++')
WHITE_SPACE (' ')
varidRegexp ('src')
WHITE_SPACE ('\n')
WHITE_SPACE ('\n')
Synthetic rightbrace ('')
Synthetic rightbrace ('')
Synthetic rightbrace ('')
Synthetic semicolon ('')
data ('data')
WHITE_SPACE (' ')
conidRegexp ('Set')
WHITE_SPACE (' ')
( ('(')
varidRegexp ('cxt')
WHITE_SPACE (' ')
:: ('::')
WHITE_SPACE (' ')
* ('*')
WHITE_SPACE (' ')
-> ('->')
WHITE_SPACE (' ')
( ('(')
* ('*')
WHITE_SPACE (' ')
-> ('->')
WHITE_SPACE (' ')
* ('*')
) (')')
) (')')
WHITE_SPACE (' ')
varidRegexp ('a')
WHITE_SPACE (' ')
= ('=')
WHITE_SPACE (' ')
conidRegexp ('Set')
WHITE_SPACE (' ')
[ ('[')
varidRegexp ('a')
] (']')
WHITE_SPACE ('\n')
WHITE_SPACE ('\n')
Synthetic semicolon ('')
varidRegexp ('g2')
WHITE_SPACE (' ')
:: ('::')
WHITE_SPACE (' ')
( ('(')
forall ('forall')
WHITE_SPACE (' ')
varidRegexp ('a')
. ('.')
WHITE_SPACE (' ')
conidRegexp ('Eq')
WHITE_SPACE (' ')
varidRegexp ('a')
WHITE_SPACE (' ')
=> ('=>')
WHITE_SPACE (' ')
[ ('[')
varidRegexp ('a')
] (']')
WHITE_SPACE (' ')
-> ('->')
WHITE_SPACE (' ')
varidRegexp ('a')
WHITE_SPACE (' ')
-> ('->')
WHITE_SPACE (' ')
conidRegexp ('Bool')
) (')')
WHITE_SPACE (' ')
-> ('->')
WHITE_SPACE (' ')
conidRegexp ('Int')
WHITE_SPACE (' ')
-> ('->')
WHITE_SPACE (' ')
conidRegexp ('Int')
WHITE_SPACE ('\n')
Synthetic semicolon ('')
varidRegexp ('g2')
WHITE_SPACE (' ')
varidRegexp ('f')
WHITE_SPACE (' ')
varidRegexp ('x')
WHITE_SPACE (' ')
| ('|')
WHITE_SPACE (' ')
conidRegexp ('Just')
WHITE_SPACE (' ')
varidRegexp ('m')
WHITE_SPACE (' ')
<- ('<-')
WHITE_SPACE (' ')
varidRegexp ('f')
WHITE_SPACE (' ')
varidRegexp ('undefined')
WHITE_SPACE ('\n')
WHITE_SPACE (' ')
WHITE_SPACE (' ')
WHITE_SPACE (' ')
WHITE_SPACE (' ')
WHITE_SPACE (' ')
WHITE_SPACE (' ')
WHITE_SPACE (' ')
, (',')
WHITE_SPACE (' ')
conidRegexp ('True')
WHITE_SPACE ('\n')
WHITE_SPACE (' ')
WHITE_SPACE (' ')
WHITE_SPACE (' ')
WHITE_SPACE (' ')
WHITE_SPACE (' ')
WHITE_SPACE (' ')
WHITE_SPACE (' ')
= ('=')
WHITE_SPACE (' ')
varidRegexp ('x')
WHITE_SPACE ('\n')
WHITE_SPACE ('\n')
Synthetic semicolon ('')
varidRegexp ('g3')
WHITE_SPACE (' ')
:: ('::')
WHITE_SPACE (' ')
( ('(')
forall ('forall')
WHITE_SPACE (' ')
varidRegexp ('a')
. ('.')
WHITE_SPACE (' ')
conidRegexp ('Eq')
WHITE_SPACE (' ')
varidRegexp ('a')
WHITE_SPACE (' ')
=> ('=>')
WHITE_SPACE (' ')
[ ('[')
varidRegexp ('a')
] (']')
WHITE_SPACE (' ')
-> ('->')
WHITE_SPACE (' ')
varidRegexp ('a')
WHITE_SPACE (' ')
-> ('->')
WHITE_SPACE (' ')
conidRegexp ('Bool')
WHITE_SPACE (' ')
:: ('::')
WHITE_SPACE (' ')
* ('*')
) (')')
WHITE_SPACE (' ')
-> ('->')
WHITE_SPACE (' ')
conidRegexp ('Int')
WHITE_SPACE (' ')
-> ('->')
WHITE_SPACE (' ')
conidRegexp ('Int')
WHITE_SPACE ('\n')
Synthetic semicolon ('')
varidRegexp ('g3')
WHITE_SPACE (' ')
= ('=')
WHITE_SPACE (' ')
varidRegexp ('undefined')
WHITE_SPACE ('\n')
WHITE_SPACE ('\n')
Synthetic semicolon ('')
varidRegexp ('f')
WHITE_SPACE (' ')
= ('=')
WHITE_SPACE (' ')
\ ('\')
( ('(')
varidRegexp ('x')
:: ('::')
conidRegexp ('Int')
, (',')
WHITE_SPACE (' ')
varidRegexp ('y')
:: ('::')
varidRegexp ('a')
) (')')
WHITE_SPACE (' ')
-> ('->')
WHITE_SPACE (' ')
varidRegexp ('x')
WHITE_SPACE ('\n')
Synthetic semicolon ('')
varidRegexp ('g')
WHITE_SPACE (' ')
( ('(')
varidRegexp ('x')
:: ('::')
varidRegexp ('a')
) (')')
WHITE_SPACE (' ')
= ('=')
WHITE_SPACE (' ')
varidRegexp ('x')
WHITE_SPACE ('\n')
Synthetic semicolon ('')
varidRegexp ('h')
WHITE_SPACE (' ')
( ('(')
( ('(')
varidRegexp ('x')
, (',')
varidRegexp ('y')
) (')')
WHITE_SPACE (' ')
:: ('::')
WHITE_SPACE (' ')
( ('(')
conidRegexp ('Int')
, (',')
conidRegexp ('Bool')
) (')')
) (')')
WHITE_SPACE (' ')
= ('=')
WHITE_SPACE (' ')
( ('(')
varidRegexp ('y')
, (',')
varidRegexp ('x')
) (')')
WHITE_SPACE ('\n')
WHITE_SPACE ('\n')
Synthetic semicolon ('')
varidRegexp ('fac')
WHITE_SPACE (' ')
( ('(')
varidRegexp ('n')
+ ('+')
integertoken ('1')
) (')')
WHITE_SPACE (' ')
= ('=')
WHITE_SPACE (' ')
( ('(')
varidRegexp ('n')
+ ('+')
integertoken ('1')
) (')')
WHITE_SPACE (' ')
* ('*')
WHITE_SPACE (' ')
varidRegexp ('fac')
WHITE_SPACE (' ')
varidRegexp ('n')
WHITE_SPACE ('\n')
WHITE_SPACE ('\n')
Synthetic semicolon ('')
varidRegexp ('foc')
WHITE_SPACE (' ')
( ('(')
- ('-')
integertoken ('1')
) (')')
WHITE_SPACE (' ')
= ('=')
WHITE_SPACE (' ')
integertoken ('3')
WHITE_SPACE ('\n')
WHITE_SPACE ('\n')
Synthetic semicolon ('')
varidRegexp ('lazyFunc')
, (',')
WHITE_SPACE (' ')
varidRegexp ('strictFunc')
WHITE_SPACE (' ')
:: ('::')
WHITE_SPACE (' ')
conidRegexp ('()')
WHITE_SPACE (' ')
-> ('->')
WHITE_SPACE (' ')
conidRegexp ('()')
WHITE_SPACE ('\n')
WHITE_SPACE ('\n')
Synthetic semicolon ('')
varidRegexp ('lazyFunc')
WHITE_SPACE (' ')
~ ('~')
conidRegexp ('()')
WHITE_SPACE (' ')
= ('=')
WHITE_SPACE (' ')
conidRegexp ('()')
WHITE_SPACE ('\n')
WHITE_SPACE ('\n')
Synthetic semicolon ('')
varidRegexp ('strictFunc')
WHITE_SPACE (' ')
! ('!')
varidRegexp ('v')
WHITE_SPACE (' ')
= ('=')
WHITE_SPACE (' ')
conidRegexp ('()')
WHITE_SPACE ('\n')
WHITE_SPACE ('\n')
Synthetic semicolon ('')
varidRegexp ('firstZero')
WHITE_SPACE (' ')
( ('(')
varidRegexp ('head')
WHITE_SPACE (' ')
-> ('->')
WHITE_SPACE (' ')
integertoken ('0')
) (')')
WHITE_SPACE (' ')
= ('=')
WHITE_SPACE (' ')
conidRegexp ('True')
Synthetic rightbrace ('')