module ('module')
WHITE_SPACE (' ')
conidRegexp ('Fun00006')
WHITE_SPACE (' ')
where ('where')
WHITE_SPACE ('\n')
WHITE_SPACE ('\n')
Synthetic leftbrace ('')
import ('import')
WHITE_SPACE (' ')
conidRegexp ('Prelude')
WHITE_SPACE (' ')
hiding ('hiding')
WHITE_SPACE (' ')
( ('(')
( ('(')
VarsymPlus ('++')
) (')')
, (',')
WHITE_SPACE (' ')
( ('(')
. ('.')
) (')')
) (')')
WHITE_SPACE ('\n')
WHITE_SPACE ('\n')
Synthetic semicolon ('')
varidRegexp ('rev')
WHITE_SPACE (' ')
:: ('::')
WHITE_SPACE (' ')
[ ('[')
varidRegexp ('a')
] (']')
WHITE_SPACE (' ')
-> ('->')
WHITE_SPACE (' ')
[ ('[')
varidRegexp ('a')
] (']')
WHITE_SPACE ('\n')
Synthetic semicolon ('')
varidRegexp ('rev')
WHITE_SPACE (' ')
varidRegexp ('xs')
WHITE_SPACE (' ')
= ('=')
WHITE_SPACE (' ')
varidRegexp ('go')
WHITE_SPACE (' ')
[ ('[')
] (']')
WHITE_SPACE (' ')
varidRegexp ('xs')
WHITE_SPACE ('\n')
WHITE_SPACE (' ')
WHITE_SPACE (' ')
WHITE_SPACE (' ')
WHITE_SPACE (' ')
where ('where')
WHITE_SPACE (' ')
Synthetic leftbrace ('')
varidRegexp ('go')
WHITE_SPACE (' ')
varidRegexp ('acc')
WHITE_SPACE (' ')
[ ('[')
] (']')
WHITE_SPACE (' ')
WHITE_SPACE (' ')
WHITE_SPACE (' ')
WHITE_SPACE (' ')
WHITE_SPACE (' ')
= ('=')
WHITE_SPACE (' ')
varidRegexp ('acc')
WHITE_SPACE ('\n')
WHITE_SPACE (' ')
WHITE_SPACE (' ')
WHITE_SPACE (' ')
WHITE_SPACE (' ')
WHITE_SPACE (' ')
WHITE_SPACE (' ')
WHITE_SPACE (' ')
WHITE_SPACE (' ')
WHITE_SPACE (' ')
WHITE_SPACE (' ')
Synthetic semicolon ('')
varidRegexp ('go')
WHITE_SPACE (' ')
varidRegexp ('acc')
WHITE_SPACE (' ')
( ('(')
varidRegexp ('x')
: (':')
varidRegexp ('xs')
) (')')
WHITE_SPACE (' ')
= ('=')
WHITE_SPACE (' ')
varidRegexp ('go')
WHITE_SPACE (' ')
( ('(')
varidRegexp ('x')
: (':')
varidRegexp ('acc')
) (')')
WHITE_SPACE (' ')
varidRegexp ('xs')
WHITE_SPACE ('\n')
WHITE_SPACE ('\n')
Synthetic rightbrace ('')
Synthetic semicolon ('')
( ('(')
VarsymPlus ('++')
) (')')
WHITE_SPACE (' ')
:: ('::')
WHITE_SPACE (' ')
[ ('[')
varidRegexp ('a')
] (']')
WHITE_SPACE (' ')
-> ('->')
WHITE_SPACE (' ')
[ ('[')
varidRegexp ('a')
] (']')
WHITE_SPACE (' ')
-> ('->')
WHITE_SPACE (' ')
[ ('[')
varidRegexp ('a')
] (']')
WHITE_SPACE ('\n')
Synthetic semicolon ('')
[ ('[')
] (']')
WHITE_SPACE (' ')
WHITE_SPACE (' ')
WHITE_SPACE (' ')
WHITE_SPACE (' ')
WHITE_SPACE (' ')
VarsymPlus ('++')
WHITE_SPACE (' ')
varidRegexp ('ys')
WHITE_SPACE (' ')
= ('=')
WHITE_SPACE (' ')
varidRegexp ('ys')
WHITE_SPACE ('\n')
Synthetic semicolon ('')
( ('(')
varidRegexp ('x')
: (':')
varidRegexp ('xs')
) (')')
WHITE_SPACE (' ')
VarsymPlus ('++')
WHITE_SPACE (' ')
varidRegexp ('ys')
WHITE_SPACE (' ')
= ('=')
WHITE_SPACE (' ')
varidRegexp ('x')
: (':')
( ('(')
varidRegexp ('xs')
WHITE_SPACE (' ')
VarsymPlus ('++')
WHITE_SPACE (' ')
varidRegexp ('ys')
) (')')
WHITE_SPACE ('\n')
WHITE_SPACE ('\n')
Synthetic semicolon ('')
( ('(')
VarsymPlus ('+++')
) (')')
WHITE_SPACE (' ')
= ('=')
WHITE_SPACE (' ')
( ('(')
VarsymPlus ('++')
) (')')
WHITE_SPACE ('\n')
WHITE_SPACE ('\n')
Synthetic semicolon ('')
( ('(')
varidRegexp ('f')
WHITE_SPACE (' ')
. ('.')
WHITE_SPACE (' ')
varidRegexp ('g')
) (')')
WHITE_SPACE (' ')
varidRegexp ('x')
WHITE_SPACE (' ')
= ('=')
WHITE_SPACE (' ')
varidRegexp ('f')
WHITE_SPACE (' ')
( ('(')
varidRegexp ('g')
WHITE_SPACE (' ')
varidRegexp ('x')
) (')')
WHITE_SPACE ('\n')
WHITE_SPACE ('\n')
Synthetic semicolon ('')
infixr ('infixr')
WHITE_SPACE (' ')
integertoken ('5')
WHITE_SPACE (' ')
VarsymPlus ('++')
WHITE_SPACE ('\n')
Synthetic semicolon ('')
infix ('infix')
WHITE_SPACE (' ')
integertoken ('7')
WHITE_SPACE (' ')
Consym (':+')
WHITE_SPACE ('\n')
Synthetic semicolon ('')
infixl ('infixl')
WHITE_SPACE (' ')
integertoken ('9')
WHITE_SPACE (' ')
VarsymPlus ('+++')
WHITE_SPACE ('\n')
Synthetic semicolon ('')
infix ('infix')
WHITE_SPACE (' ')
integertoken ('3')
WHITE_SPACE (' ')
. ('.')
Synthetic rightbrace ('')