module ('module')
WHITE_SPACE (' ')
conidRegexp ('Fun00013')
WHITE_SPACE (' ')
where ('where')
WHITE_SPACE ('\n')
WHITE_SPACE ('\n')
Synthetic leftbrace ('')
data ('data')
WHITE_SPACE (' ')
conidRegexp ('Manifest')
WHITE_SPACE (' ')
varidRegexp ('sh')
WHITE_SPACE (' ')
varidRegexp ('a')
WHITE_SPACE (' ')
= ('=')
WHITE_SPACE (' ')
conidRegexp ('Syntax')
WHITE_SPACE (' ')
varidRegexp ('a')
WHITE_SPACE (' ')
=> ('=>')
WHITE_SPACE (' ')
conidRegexp ('Manifest')
WHITE_SPACE (' ')
( ('(')
conidRegexp ('Data')
WHITE_SPACE (' ')
[ ('[')
conidRegexp ('Internal')
WHITE_SPACE (' ')
varidRegexp ('a')
] (']')
) (')')
WHITE_SPACE (' ')
( ('(')
conidRegexp ('Data')
WHITE_SPACE (' ')
[ ('[')
conidRegexp ('Length')
] (']')
) (')')
Synthetic rightbrace ('')