module ('module')
WHITE_SPACE (' ')
conidRegexp ('Infix00001')
WHITE_SPACE (' ')
where ('where')
WHITE_SPACE ('\n')
WHITE_SPACE ('\n')
Synthetic leftbrace ('')
varidRegexp ('val')
WHITE_SPACE (' ')
= ('=')
WHITE_SPACE (' ')
integertoken ('1')
WHITE_SPACE (' ')
` ('`')
conidRegexp ('Prelude')
. ('.')
varidRegexp ('elem')
` ('`')
WHITE_SPACE (' ')
[ ('[')
integertoken ('1')
, (',')
WHITE_SPACE (' ')
integertoken ('2')
, (',')
WHITE_SPACE (' ')
integertoken ('3')
] (']')
Synthetic rightbrace ('')