module ('module')
WHITE_SPACE (' ')
conidRegexp ('Layout00014')
WHITE_SPACE (' ')
where ('where')
WHITE_SPACE ('\n')
WHITE_SPACE ('\n')
Synthetic leftbrace ('')
instance ('instance')
WHITE_SPACE (' ')
conidRegexp ('Indexed')
WHITE_SPACE (' ')
( ('(')
conidRegexp ('Pull')
WHITE_SPACE (' ')
varidRegexp ('sh')
WHITE_SPACE (' ')
varidRegexp ('a')
) (')')
WHITE_SPACE (' ')
where ('where')
WHITE_SPACE ('\n')
WHITE_SPACE (' ')
WHITE_SPACE (' ')
WHITE_SPACE (' ')
WHITE_SPACE (' ')
Synthetic leftbrace ('')
conidRegexp ('Pull')
WHITE_SPACE (' ')
varidRegexp ('ixf')
WHITE_SPACE (' ')
_ ('_')
WHITE_SPACE (' ')
! ('!')
WHITE_SPACE (' ')
varidRegexp ('i')
WHITE_SPACE (' ')
= ('=')
WHITE_SPACE (' ')
varidRegexp ('ixf')
WHITE_SPACE (' ')
varidRegexp ('i')
Synthetic rightbrace ('')
Synthetic rightbrace ('')