{-# ('{-#')
WHITE_SPACE (' ')
PRAGMA ('LANGUAGE')
WHITE_SPACE (' ')
PRAGMA ('MagicHash')
WHITE_SPACE (' ')
#-} ('#-}')
WHITE_SPACE ('\n')
module ('module')
WHITE_SPACE (' ')
conidRegexp ('MagicHash00001')
WHITE_SPACE (' ')
where ('where')
WHITE_SPACE ('\n')
WHITE_SPACE ('\n')
comment ('-- Ripped from Data.List, verify I# constructor is valid.\n')
WHITE_SPACE ('\n')
Synthetic leftbrace ('')
varidRegexp ('findIndices')
WHITE_SPACE (' ')
WHITE_SPACE (' ')
WHITE_SPACE (' ')
WHITE_SPACE (' ')
WHITE_SPACE (' ')
WHITE_SPACE (' ')
:: ('::')
WHITE_SPACE (' ')
( ('(')
varidRegexp ('a')
WHITE_SPACE (' ')
-> ('->')
WHITE_SPACE (' ')
conidRegexp ('Bool')
) (')')
WHITE_SPACE (' ')
-> ('->')
WHITE_SPACE (' ')
[ ('[')
varidRegexp ('a')
] (']')
WHITE_SPACE (' ')
-> ('->')
WHITE_SPACE (' ')
[ ('[')
conidRegexp ('Int')
] (']')
WHITE_SPACE ('\n')
CPPIFDEF ('#ifdef USE_REPORT_PRELUDE')
WHITE_SPACE ('\n')
Synthetic semicolon ('')
varidRegexp ('findIndices')
WHITE_SPACE (' ')
varidRegexp ('p')
WHITE_SPACE (' ')
varidRegexp ('xs')
WHITE_SPACE (' ')
= ('=')
WHITE_SPACE (' ')
[ ('[')
WHITE_SPACE (' ')
varidRegexp ('i')
WHITE_SPACE (' ')
| ('|')
WHITE_SPACE (' ')
( ('(')
varidRegexp ('x')
, (',')
varidRegexp ('i')
) (')')
WHITE_SPACE (' ')
<- ('<-')
WHITE_SPACE (' ')
varidRegexp ('zip')
WHITE_SPACE (' ')
varidRegexp ('xs')
WHITE_SPACE (' ')
[ ('[')
integertoken ('0')
.. ('..')
] (']')
, (',')
WHITE_SPACE (' ')
varidRegexp ('p')
WHITE_SPACE (' ')
varidRegexp ('x')
] (']')
WHITE_SPACE ('\n')
#else ('#else')
WHITE_SPACE ('\n')
comment ('-- Efficient definition\n')
Synthetic semicolon ('')
varidRegexp ('findIndices')
WHITE_SPACE (' ')
varidRegexp ('p')
WHITE_SPACE (' ')
varidRegexp ('ls')
WHITE_SPACE (' ')
= ('=')
WHITE_SPACE (' ')
varidRegexp ('loop')
WHITE_SPACE (' ')
integertoken ('0#')
WHITE_SPACE (' ')
varidRegexp ('ls')
WHITE_SPACE ('\n')
WHITE_SPACE (' ')
WHITE_SPACE (' ')
WHITE_SPACE (' ')
WHITE_SPACE (' ')
WHITE_SPACE (' ')
WHITE_SPACE (' ')
WHITE_SPACE (' ')
WHITE_SPACE (' ')
WHITE_SPACE (' ')
WHITE_SPACE (' ')
WHITE_SPACE (' ')
WHITE_SPACE (' ')
WHITE_SPACE (' ')
WHITE_SPACE (' ')
WHITE_SPACE (' ')
WHITE_SPACE (' ')
WHITE_SPACE (' ')
where ('where')
WHITE_SPACE ('\n')
WHITE_SPACE (' ')
WHITE_SPACE (' ')
WHITE_SPACE (' ')
WHITE_SPACE (' ')
WHITE_SPACE (' ')
WHITE_SPACE (' ')
WHITE_SPACE (' ')
WHITE_SPACE (' ')
WHITE_SPACE (' ')
WHITE_SPACE (' ')
WHITE_SPACE (' ')
WHITE_SPACE (' ')
WHITE_SPACE (' ')
WHITE_SPACE (' ')
WHITE_SPACE (' ')
WHITE_SPACE (' ')
WHITE_SPACE (' ')
WHITE_SPACE (' ')
WHITE_SPACE (' ')
Synthetic leftbrace ('')
varidRegexp ('loop')
WHITE_SPACE (' ')
_ ('_')
WHITE_SPACE (' ')
[ ('[')
] (']')
WHITE_SPACE (' ')
= ('=')
WHITE_SPACE (' ')
[ ('[')
] (']')
WHITE_SPACE ('\n')
WHITE_SPACE (' ')
WHITE_SPACE (' ')
WHITE_SPACE (' ')
WHITE_SPACE (' ')
WHITE_SPACE (' ')
WHITE_SPACE (' ')
WHITE_SPACE (' ')
WHITE_SPACE (' ')
WHITE_SPACE (' ')
WHITE_SPACE (' ')
WHITE_SPACE (' ')
WHITE_SPACE (' ')
WHITE_SPACE (' ')
WHITE_SPACE (' ')
WHITE_SPACE (' ')
WHITE_SPACE (' ')
WHITE_SPACE (' ')
WHITE_SPACE (' ')
WHITE_SPACE (' ')
Synthetic semicolon ('')
varidRegexp ('loop')
WHITE_SPACE (' ')
varidRegexp ('n')
WHITE_SPACE (' ')
( ('(')
varidRegexp ('x')
: (':')
varidRegexp ('xs')
) (')')
WHITE_SPACE (' ')
| ('|')
WHITE_SPACE (' ')
varidRegexp ('p')
WHITE_SPACE (' ')
varidRegexp ('x')
WHITE_SPACE (' ')
WHITE_SPACE (' ')
WHITE_SPACE (' ')
WHITE_SPACE (' ')
WHITE_SPACE (' ')
WHITE_SPACE (' ')
WHITE_SPACE (' ')
= ('=')
WHITE_SPACE (' ')
conidRegexp ('I')
# ('#')
WHITE_SPACE (' ')
varidRegexp ('n')
WHITE_SPACE (' ')
: (':')
WHITE_SPACE (' ')
varidRegexp ('loop')
WHITE_SPACE (' ')
( ('(')
varidRegexp ('n')
WHITE_SPACE (' ')
VarsymPlus ('+#')
WHITE_SPACE (' ')
integertoken ('1#')
) (')')
WHITE_SPACE (' ')
varidRegexp ('xs')
WHITE_SPACE ('\n')
WHITE_SPACE (' ')
WHITE_SPACE (' ')
WHITE_SPACE (' ')
WHITE_SPACE (' ')
WHITE_SPACE (' ')
WHITE_SPACE (' ')
WHITE_SPACE (' ')
WHITE_SPACE (' ')
WHITE_SPACE (' ')
WHITE_SPACE (' ')
WHITE_SPACE (' ')
WHITE_SPACE (' ')
WHITE_SPACE (' ')
WHITE_SPACE (' ')
WHITE_SPACE (' ')
WHITE_SPACE (' ')
WHITE_SPACE (' ')
WHITE_SPACE (' ')
WHITE_SPACE (' ')
WHITE_SPACE (' ')
WHITE_SPACE (' ')
WHITE_SPACE (' ')
WHITE_SPACE (' ')
WHITE_SPACE (' ')
WHITE_SPACE (' ')
WHITE_SPACE (' ')
WHITE_SPACE (' ')
WHITE_SPACE (' ')
WHITE_SPACE (' ')
WHITE_SPACE (' ')
WHITE_SPACE (' ')
WHITE_SPACE (' ')
WHITE_SPACE (' ')
| ('|')
WHITE_SPACE (' ')
varidRegexp ('otherwise')
WHITE_SPACE (' ')
= ('=')
WHITE_SPACE (' ')
varidRegexp ('loop')
WHITE_SPACE (' ')
( ('(')
varidRegexp ('n')
WHITE_SPACE (' ')
VarsymPlus ('+#')
WHITE_SPACE (' ')
integertoken ('1#')
) (')')
WHITE_SPACE (' ')
varidRegexp ('xs')
WHITE_SPACE ('\n')
#endif ('#endif  /* USE_REPORT_PRELUDE */')
Synthetic rightbrace ('')
Synthetic rightbrace ('')