module ('module')
WHITE_SPACE (' ')
conidRegexp ('Pragma00005')
WHITE_SPACE (' ')
where ('where')
WHITE_SPACE ('\n')
WHITE_SPACE ('\n')
Synthetic leftbrace ('')
data ('data')
WHITE_SPACE (' ')
conidRegexp ('Test')
WHITE_SPACE (' ')
where ('where')
WHITE_SPACE ('\n')
WHITE_SPACE (' ')
WHITE_SPACE (' ')
Synthetic leftbrace ('')
conidRegexp ('Test')
WHITE_SPACE (' ')
:: ('::')
WHITE_SPACE (' ')
! ('!')
conidRegexp ('Int')
WHITE_SPACE (' ')
-> ('->')
WHITE_SPACE (' ')
conidRegexp ('Test')
WHITE_SPACE ('\n')
WHITE_SPACE ('\n')
Synthetic rightbrace ('')
Synthetic semicolon ('')
data ('data')
WHITE_SPACE (' ')
conidRegexp ('Test2')
WHITE_SPACE (' ')
where ('where')
WHITE_SPACE ('\n')
WHITE_SPACE (' ')
WHITE_SPACE (' ')
Synthetic leftbrace ('')
conidRegexp ('Test')
WHITE_SPACE (' ')
:: ('::')
WHITE_SPACE (' ')
{-# ('{-#')
WHITE_SPACE (' ')
PRAGMA ('UNPACK')
WHITE_SPACE (' ')
#-} ('#-}')
WHITE_SPACE (' ')
! ('!')
conidRegexp ('Int')
WHITE_SPACE (' ')
-> ('->')
WHITE_SPACE (' ')
conidRegexp ('Test2')
Synthetic rightbrace ('')
Synthetic rightbrace ('')