module ('module')
WHITE_SPACE (' ')
conidRegexp ('String00006')
WHITE_SPACE (' ')
where ('where')
WHITE_SPACE ('\n')
WHITE_SPACE ('\n')
Synthetic leftbrace ('')
varidRegexp ('s')
WHITE_SPACE (' ')
= ('=')
WHITE_SPACE (' ')
" ('"')
STRINGTOKEN ('\8')
STRINGTOKEN ('18')
STRINGTOKEN ('\7')
STRINGTOKEN ('73')
" ('"')
WHITE_SPACE ('\n')
WHITE_SPACE ('\n')
Synthetic semicolon ('')
varidRegexp ('foo')
WHITE_SPACE (' ')
= ('=')
WHITE_SPACE (' ')
varidRegexp ('undefined')
Synthetic rightbrace ('')