module ('module')
WHITE_SPACE (' ')
conidRegexp ('String00001')
WHITE_SPACE (' ')
where ('where')
WHITE_SPACE ('\n')
WHITE_SPACE ('\n')
Synthetic leftbrace ('')
varidRegexp ('s')
WHITE_SPACE (' ')
= ('=')
WHITE_SPACE (' ')
" ('"')
STRINGTOKEN ('There's trailing spaces after this backslash \  \n    \Trust me, they're there!')
" ('"')
Synthetic rightbrace ('')