module ('module')
WHITE_SPACE (' ')
conidRegexp ('String00002')
WHITE_SPACE (' ')
where ('where')
WHITE_SPACE ('\n')
WHITE_SPACE ('\n')
Synthetic leftbrace ('')
varidRegexp ('s')
WHITE_SPACE (' ')
= ('=')
WHITE_SPACE (' ')
" ('"')
STRINGTOKEN ('\\n    \Remove any backslash (except the first one) and put it back.\\n    \The syntax highlighting will break!\\n    \To fix, modify the first line of this string literal.\\n\')
" ('"')
Synthetic rightbrace ('')