{-# ('{-#')
WHITE_SPACE (' ')
PRAGMA ('LANGUAGE')
WHITE_SPACE (' ')
PRAGMA ('QuasiQuotes')
WHITE_SPACE (' ')
#-} ('#-}')
WHITE_SPACE ('\n')
module ('module')
WHITE_SPACE (' ')
conidRegexp ('TempHask00004')
WHITE_SPACE (' ')
where ('where')
WHITE_SPACE ('\n')
WHITE_SPACE ('\n')
Synthetic leftbrace ('')
varidRegexp ('mkYesod')
WHITE_SPACE (' ')
" ('"')
STRINGTOKEN ('HelloWorld')
" ('"')
WHITE_SPACE (' ')
Quasi-[ ('[')
varidRegexp ('parseRoutes')
| ('|')
Quasi-stuff ('\n/ HomeR GET\n')
|] ('|]')
Synthetic rightbrace ('')