{-# ('{-#')
WHITE_SPACE (' ')
PRAGMA ('LANGUAGE')
WHITE_SPACE (' ')
PRAGMA ('QuasiQuotes')
WHITE_SPACE (' ')
#-} ('#-}')
WHITE_SPACE ('\n')
module ('module')
WHITE_SPACE (' ')
conidRegexp ('TempHask00005')
WHITE_SPACE (' ')
where ('where')
WHITE_SPACE ('\n')
WHITE_SPACE ('\n')
Synthetic leftbrace ('')
instance ('instance')
WHITE_SPACE (' ')
conidRegexp ('Yesod')
WHITE_SPACE (' ')
conidRegexp ('App')
WHITE_SPACE (' ')
where ('where')
WHITE_SPACE ('\n')
WHITE_SPACE (' ')
WHITE_SPACE (' ')
WHITE_SPACE (' ')
WHITE_SPACE (' ')
Synthetic leftbrace ('')
varidRegexp ('defaultLayout')
WHITE_SPACE (' ')
varidRegexp ('widget')
WHITE_SPACE (' ')
= ('=')
WHITE_SPACE (' ')
do ('do')
WHITE_SPACE ('\n')
WHITE_SPACE (' ')
WHITE_SPACE (' ')
WHITE_SPACE (' ')
WHITE_SPACE (' ')
WHITE_SPACE (' ')
WHITE_SPACE (' ')
WHITE_SPACE (' ')
WHITE_SPACE (' ')
comment ('-- Parse names starting with a single quote in splices.\n')
WHITE_SPACE (' ')
WHITE_SPACE (' ')
WHITE_SPACE (' ')
WHITE_SPACE (' ')
WHITE_SPACE (' ')
WHITE_SPACE (' ')
WHITE_SPACE (' ')
WHITE_SPACE (' ')
Synthetic leftbrace ('')
varidRegexp ('pc')
WHITE_SPACE (' ')
<- ('<-')
WHITE_SPACE (' ')
varidRegexp ('widgetToPageContent')
WHITE_SPACE (' ')
$ ('$')
WHITE_SPACE (' ')
do ('do')
WHITE_SPACE ('\n')
WHITE_SPACE (' ')
WHITE_SPACE (' ')
WHITE_SPACE (' ')
WHITE_SPACE (' ')
WHITE_SPACE (' ')
WHITE_SPACE (' ')
WHITE_SPACE (' ')
WHITE_SPACE (' ')
WHITE_SPACE (' ')
WHITE_SPACE (' ')
WHITE_SPACE (' ')
WHITE_SPACE (' ')
Synthetic leftbrace ('')
$( ('$(')
varidRegexp ('combineStylesheets')
WHITE_SPACE (' ')
' (''')
conidRegexp ('StaticR')
WHITE_SPACE ('\n')
WHITE_SPACE (' ')
WHITE_SPACE (' ')
WHITE_SPACE (' ')
WHITE_SPACE (' ')
WHITE_SPACE (' ')
WHITE_SPACE (' ')
WHITE_SPACE (' ')
WHITE_SPACE (' ')
WHITE_SPACE (' ')
WHITE_SPACE (' ')
WHITE_SPACE (' ')
WHITE_SPACE (' ')
WHITE_SPACE (' ')
WHITE_SPACE (' ')
WHITE_SPACE (' ')
WHITE_SPACE (' ')
[ ('[')
WHITE_SPACE (' ')
varidRegexp ('css_normalize_css')
WHITE_SPACE ('\n')
WHITE_SPACE (' ')
WHITE_SPACE (' ')
WHITE_SPACE (' ')
WHITE_SPACE (' ')
WHITE_SPACE (' ')
WHITE_SPACE (' ')
WHITE_SPACE (' ')
WHITE_SPACE (' ')
WHITE_SPACE (' ')
WHITE_SPACE (' ')
WHITE_SPACE (' ')
WHITE_SPACE (' ')
WHITE_SPACE (' ')
WHITE_SPACE (' ')
WHITE_SPACE (' ')
WHITE_SPACE (' ')
, (',')
WHITE_SPACE (' ')
varidRegexp ('css_bootstrap_css')
WHITE_SPACE ('\n')
WHITE_SPACE (' ')
WHITE_SPACE (' ')
WHITE_SPACE (' ')
WHITE_SPACE (' ')
WHITE_SPACE (' ')
WHITE_SPACE (' ')
WHITE_SPACE (' ')
WHITE_SPACE (' ')
WHITE_SPACE (' ')
WHITE_SPACE (' ')
WHITE_SPACE (' ')
WHITE_SPACE (' ')
WHITE_SPACE (' ')
WHITE_SPACE (' ')
WHITE_SPACE (' ')
WHITE_SPACE (' ')
] (']')
) (')')
WHITE_SPACE ('\n')
WHITE_SPACE (' ')
WHITE_SPACE (' ')
WHITE_SPACE (' ')
WHITE_SPACE (' ')
WHITE_SPACE (' ')
WHITE_SPACE (' ')
WHITE_SPACE (' ')
WHITE_SPACE (' ')
WHITE_SPACE (' ')
WHITE_SPACE (' ')
WHITE_SPACE (' ')
WHITE_SPACE (' ')
Synthetic semicolon ('')
$( ('$(')
varidRegexp ('widgetFile')
WHITE_SPACE (' ')
" ('"')
STRINGTOKEN ('default-layout')
" ('"')
) (')')
WHITE_SPACE ('\n')
WHITE_SPACE (' ')
WHITE_SPACE (' ')
WHITE_SPACE (' ')
WHITE_SPACE (' ')
WHITE_SPACE (' ')
WHITE_SPACE (' ')
WHITE_SPACE (' ')
WHITE_SPACE (' ')
Synthetic rightbrace ('')
Synthetic semicolon ('')
varidRegexp ('giveUrlRenderer')
WHITE_SPACE (' ')
$( ('$(')
varidRegexp ('hamletFile')
WHITE_SPACE (' ')
" ('"')
STRINGTOKEN ('templates/default-layout-wrapper.hamlet')
" ('"')
) (')')
Synthetic rightbrace ('')
Synthetic rightbrace ('')
Synthetic rightbrace ('')