HASKELL_FILE
  PRAGMA_EXPR
    PsiElement({-#)('{-#')
    PsiElement(PRAGMA)('LANGUAGE')
    PRAGMA_LANGS
      PsiErrorElement:Expected language extension name
        <empty list>
    PsiErrorElement:Expected #-}
      <empty list>
  BODY
    UNKNOWN
      PsiElement(PRAGMA)('Arrows')
      PsiElement(#-})('#-}')
    UNKNOWN
      PsiElement(module)('module')
      PsiElement(conidRegexp)('Arrow00001')
      PsiElement(where)('where')
    UNKNOWN
      <empty list>
    UNKNOWN
      PsiElement(varidRegexp)('e1')
      PsiElement(=)('=')
      PsiElement(varidRegexp)('proc')
      PsiElement(varidRegexp)('x')
      PsiElement(->)('->')
      PsiElement(do)('do')
      PsiElement(rec)('rec')
      PsiElement(let)('let')
      PsiElement(varidRegexp)('e')
      PsiElement(=)('=')
      PsiElement(varidRegexp)('e')
      PsiElement(+)('+')
      PsiElement(integertoken)('1')
      PsiElement(varidRegexp)('y')
      PsiElement(<-)('<-')
      PsiElement(varidRegexp)('f')
      PsiElement(VarsymPlus)('-<')
      PsiElement(varidRegexp)('x')
      PsiElement(+)('+')
      PsiElement(integertoken)('1')
      PsiElement(varidRegexp)('g')
      PsiElement(VarsymPlus)('-<<')
      PsiElement(integertoken)('2')
      PsiElement(*)('*')
      PsiElement(varidRegexp)('y')
      PsiElement(let)('let')
      PsiElement(varidRegexp)('z')
      PsiElement(=)('=')
      PsiElement(varidRegexp)('x')
      PsiElement(+)('+')
      PsiElement(varidRegexp)('y')
      PsiElement(varidRegexp)('t')
      PsiElement(<-)('<-')
      PsiElement(varidRegexp)('h')
      PsiElement(VarsymPlus)('>>-')
      PsiElement(varidRegexp)('x')
      PsiElement(*)('*')
      PsiElement(varidRegexp)('z')
      PsiElement(varidRegexp)('returnA')
      PsiElement(VarsymPlus)('-<')
      PsiElement(varidRegexp)('t')
      PsiElement(+)('+')
      PsiElement(varidRegexp)('z')
    UNKNOWN
      <empty list>
    UNKNOWN
      <empty list>
    UNKNOWN
      PsiElement(varidRegexp)('expr'')
      PsiElement(=)('=')
      PsiElement(varidRegexp)('proc')
      PsiElement(varidRegexp)('x')
      PsiElement(->)('->')
      PsiElement(do)('do')
      PsiElement(varidRegexp)('returnA')
      PsiElement(VarsymPlus)('-<')
      PsiElement(varidRegexp)('x')
      PsiElement(VarsymPlus)('<+>')
      PsiElement(do)('do')
      PsiElement(varidRegexp)('symbol')
      PsiElement(conidRegexp)('Plus')
      PsiElement(VarsymPlus)('-<')
      PsiElement(conidRegexp)('()')
      PsiElement(varidRegexp)('y')
      PsiElement(<-)('<-')
      PsiElement(varidRegexp)('term')
      PsiElement(VarsymPlus)('>-')
      PsiElement(conidRegexp)('()')
      PsiElement(varidRegexp)('expr'')
      PsiElement(VarsymPlus)('-<')
      PsiElement(varidRegexp)('x')
      PsiElement(+)('+')
      PsiElement(varidRegexp)('y')
      PsiElement(VarsymPlus)('<+>')
      PsiElement(do)('do')
      PsiElement(varidRegexp)('symbol')
      PsiElement(conidRegexp)('Minus')
      PsiElement(VarsymPlus)('-<')
      PsiElement(conidRegexp)('()')
      PsiElement(varidRegexp)('y')
      PsiElement(<-)('<-')
      PsiElement(varidRegexp)('term')
      PsiElement(VarsymPlus)('-<')
      PsiElement(conidRegexp)('()')
      PsiElement(varidRegexp)('expr'')
      PsiElement(VarsymPlus)('-<')
      PsiElement(varidRegexp)('x')
      PsiElement(-)('-')
      PsiElement(varidRegexp)('y')