HASKELL_FILE
  PRAGMA_EXPR
    PsiElement({-#)('{-#')
    PsiElement(PRAGMA)('LANGUAGE')
    PRAGMA_LANGS
      PsiErrorElement:Expected language extension name
        <empty list>
    PsiErrorElement:Expected #-}
      <empty list>
  BODY
    UNKNOWN
      PsiElement(PRAGMA)('GADTs')
      PsiElement(#-})('#-}')
    UNKNOWN
      PsiElement({-#)('{-#')
      PsiElement(PRAGMA)('LANGUAGE')
      PsiElement(PRAGMA)('KindSignatures')
      PsiElement(#-})('#-}')
    UNKNOWN
      PsiElement({-#)('{-#')
      PsiElement(PRAGMA)('LANGUAGE')
      PsiElement(PRAGMA)('RankNTypes')
      PsiElement(#-})('#-}')
    UNKNOWN
      PsiElement({-#)('{-#')
      PsiElement(PRAGMA)('LANGUAGE')
      PsiElement(PRAGMA)('ScopedTypeVariables')
      PsiElement(#-})('#-}')
    UNKNOWN
      PsiElement({-#)('{-#')
      PsiElement(PRAGMA)('LANGUAGE')
      PsiElement(PRAGMA)('NPlusKPatterns')
      PsiElement(#-})('#-}')
    UNKNOWN
      PsiElement({-#)('{-#')
      PsiElement(PRAGMA)('LANGUAGE')
      PsiElement(PRAGMA)('BangPatterns')
      PsiElement(#-})('#-}')
    UNKNOWN
      PsiElement({-#)('{-#')
      PsiElement(PRAGMA)('LANGUAGE')
      PsiElement(PRAGMA)('ViewPatterns')
      PsiElement(#-})('#-}')
    UNKNOWN
      PsiElement({-#)('{-#')
      PsiElement(PRAGMA)('LANGUAGE')
      PsiElement(PRAGMA)('PatternGuards')
      PsiElement(#-})('#-}')
    UNKNOWN
      PsiElement(module)('module')
      PsiElement(conidRegexp)('Fun00003')
      PsiElement(where)('where')
    UNKNOWN
      <empty list>
    UNKNOWN
      PsiElement(instance)('instance')
      PsiElement(conidRegexp)('Show')
      PsiElement(()('(')
      PsiElement(conidRegexp)('Info')
      PsiElement(varidRegexp)('a')
      PsiElement())(')')
      PsiElement(where)('where')
      PsiElement(varidRegexp)('show')
      PsiElement(varidRegexp)('i')
      PsiElement(@)('@')
      PsiElement(()('(')
      PsiElement(conidRegexp)('Info')
      PsiElement({)('{')
      PsiElement(})('}')
      PsiElement())(')')
      PsiElement(=)('=')
      PsiElement(varidRegexp)('show')
      PsiElement(()('(')
      PsiElement(varidRegexp)('infoType')
      PsiElement(varidRegexp)('i')
      PsiElement())(')')
      PsiElement(VarsymPlus)('++')
      PsiElement(varidRegexp)('szStr')
      PsiElement(VarsymPlus)('++')
      PsiElement(varidRegexp)('srcStr')
      PsiElement(where)('where')
      PsiElement(varidRegexp)('szStr')
      PsiElement(=)('=')
      PsiElement(case)('case')
      PsiElement(varidRegexp)('show')
      PsiElement(()('(')
      PsiElement(varidRegexp)('infoSize')
      PsiElement(varidRegexp)('i')
      PsiElement())(')')
      PsiElement(of)('of')
      PsiElement(")('"')
      PsiElement(STRINGTOKEN)('AnySize')
      PsiElement(")('"')
      PsiElement(->)('->')
      PsiElement(")('"')
      PsiElement(")('"')
      PsiElement(varidRegexp)('str')
      PsiElement(->)('->')
      PsiElement(")('"')
      PsiElement(STRINGTOKEN)(' | ')
      PsiElement(")('"')
      PsiElement(VarsymPlus)('++')
      PsiElement(varidRegexp)('str')
      PsiElement(varidRegexp)('srcStr')
      PsiElement(=)('=')
      PsiElement(case)('case')
      PsiElement(varidRegexp)('infoSource')
      PsiElement(varidRegexp)('i')
      PsiElement(of)('of')
      PsiElement(")('"')
      PsiElement(")('"')
      PsiElement(->)('->')
      PsiElement(")('"')
      PsiElement(")('"')
      PsiElement(varidRegexp)('src')
      PsiElement(->)('->')
      PsiElement(")('"')
      PsiElement(STRINGTOKEN)(' | ')
      PsiElement(")('"')
      PsiElement(VarsymPlus)('++')
      PsiElement(varidRegexp)('src')
    UNKNOWN
      <empty list>
    UNKNOWN
      <empty list>
    UNKNOWN
      <empty list>
    UNKNOWN
      <empty list>
    UNKNOWN
      PsiElement(data)('data')
      PsiElement(conidRegexp)('Set')
      PsiElement(()('(')
      PsiElement(varidRegexp)('cxt')
      PsiElement(::)('::')
      PsiElement(*)('*')
      PsiElement(->)('->')
      PsiElement(()('(')
      PsiElement(*)('*')
      PsiElement(->)('->')
      PsiElement(*)('*')
      PsiElement())(')')
      PsiElement())(')')
      PsiElement(varidRegexp)('a')
      PsiElement(=)('=')
      PsiElement(conidRegexp)('Set')
      PsiElement([)('[')
      PsiElement(varidRegexp)('a')
      PsiElement(])(']')
    UNKNOWN
      <empty list>
    UNKNOWN
      PsiElement(varidRegexp)('g2')
      PsiElement(::)('::')
      PsiElement(()('(')
      PsiElement(forall)('forall')
      PsiElement(varidRegexp)('a')
      PsiElement(.)('.')
      PsiElement(conidRegexp)('Eq')
      PsiElement(varidRegexp)('a')
      PsiElement(=>)('=>')
      PsiElement([)('[')
      PsiElement(varidRegexp)('a')
      PsiElement(])(']')
      PsiElement(->)('->')
      PsiElement(varidRegexp)('a')
      PsiElement(->)('->')
      PsiElement(conidRegexp)('Bool')
      PsiElement())(')')
      PsiElement(->)('->')
      PsiElement(conidRegexp)('Int')
      PsiElement(->)('->')
      PsiElement(conidRegexp)('Int')
    UNKNOWN
      <empty list>
    UNKNOWN
      PsiElement(varidRegexp)('g2')
      PsiElement(varidRegexp)('f')
      PsiElement(varidRegexp)('x')
      PsiElement(|)('|')
      PsiElement(conidRegexp)('Just')
      PsiElement(varidRegexp)('m')
      PsiElement(<-)('<-')
      PsiElement(varidRegexp)('f')
      PsiElement(varidRegexp)('undefined')
      PsiElement(,)(',')
      PsiElement(conidRegexp)('True')
      PsiElement(=)('=')
      PsiElement(varidRegexp)('x')
    UNKNOWN
      <empty list>
    UNKNOWN
      PsiElement(varidRegexp)('g3')
      PsiElement(::)('::')
      PsiElement(()('(')
      PsiElement(forall)('forall')
      PsiElement(varidRegexp)('a')
      PsiElement(.)('.')
      PsiElement(conidRegexp)('Eq')
      PsiElement(varidRegexp)('a')
      PsiElement(=>)('=>')
      PsiElement([)('[')
      PsiElement(varidRegexp)('a')
      PsiElement(])(']')
      PsiElement(->)('->')
      PsiElement(varidRegexp)('a')
      PsiElement(->)('->')
      PsiElement(conidRegexp)('Bool')
      PsiElement(::)('::')
      PsiElement(*)('*')
      PsiElement())(')')
      PsiElement(->)('->')
      PsiElement(conidRegexp)('Int')
      PsiElement(->)('->')
      PsiElement(conidRegexp)('Int')
    UNKNOWN
      <empty list>
    UNKNOWN
      PsiElement(varidRegexp)('g3')
      PsiElement(=)('=')
      PsiElement(varidRegexp)('undefined')
    UNKNOWN
      <empty list>
    UNKNOWN
      PsiElement(varidRegexp)('f')
      PsiElement(=)('=')
      PsiElement(\)('\')
      PsiElement(()('(')
      PsiElement(varidRegexp)('x')
      PsiElement(::)('::')
      PsiElement(conidRegexp)('Int')
      PsiElement(,)(',')
      PsiElement(varidRegexp)('y')
      PsiElement(::)('::')
      PsiElement(varidRegexp)('a')
      PsiElement())(')')
      PsiElement(->)('->')
      PsiElement(varidRegexp)('x')
    UNKNOWN
      <empty list>
    UNKNOWN
      PsiElement(varidRegexp)('g')
      PsiElement(()('(')
      PsiElement(varidRegexp)('x')
      PsiElement(::)('::')
      PsiElement(varidRegexp)('a')
      PsiElement())(')')
      PsiElement(=)('=')
      PsiElement(varidRegexp)('x')
    UNKNOWN
      <empty list>
    UNKNOWN
      PsiElement(varidRegexp)('h')
      PsiElement(()('(')
      PsiElement(()('(')
      PsiElement(varidRegexp)('x')
      PsiElement(,)(',')
      PsiElement(varidRegexp)('y')
      PsiElement())(')')
      PsiElement(::)('::')
      PsiElement(()('(')
      PsiElement(conidRegexp)('Int')
      PsiElement(,)(',')
      PsiElement(conidRegexp)('Bool')
      PsiElement())(')')
      PsiElement())(')')
      PsiElement(=)('=')
      PsiElement(()('(')
      PsiElement(varidRegexp)('y')
      PsiElement(,)(',')
      PsiElement(varidRegexp)('x')
      PsiElement())(')')
    UNKNOWN
      <empty list>
    UNKNOWN
      PsiElement(varidRegexp)('fac')
      PsiElement(()('(')
      PsiElement(varidRegexp)('n')
      PsiElement(+)('+')
      PsiElement(integertoken)('1')
      PsiElement())(')')
      PsiElement(=)('=')
      PsiElement(()('(')
      PsiElement(varidRegexp)('n')
      PsiElement(+)('+')
      PsiElement(integertoken)('1')
      PsiElement())(')')
      PsiElement(*)('*')
      PsiElement(varidRegexp)('fac')
      PsiElement(varidRegexp)('n')
    UNKNOWN
      <empty list>
    UNKNOWN
      PsiElement(varidRegexp)('foc')
      PsiElement(()('(')
      PsiElement(-)('-')
      PsiElement(integertoken)('1')
      PsiElement())(')')
      PsiElement(=)('=')
      PsiElement(integertoken)('3')
    UNKNOWN
      <empty list>
    UNKNOWN
      PsiElement(varidRegexp)('lazyFunc')
      PsiElement(,)(',')
      PsiElement(varidRegexp)('strictFunc')
      PsiElement(::)('::')
      PsiElement(conidRegexp)('()')
      PsiElement(->)('->')
      PsiElement(conidRegexp)('()')
    UNKNOWN
      <empty list>
    UNKNOWN
      PsiElement(varidRegexp)('lazyFunc')
      PsiElement(~)('~')
      PsiElement(conidRegexp)('()')
      PsiElement(=)('=')
      PsiElement(conidRegexp)('()')
    UNKNOWN
      <empty list>
    UNKNOWN
      PsiElement(varidRegexp)('strictFunc')
      PsiElement(!)('!')
      PsiElement(varidRegexp)('v')
      PsiElement(=)('=')
      PsiElement(conidRegexp)('()')
    UNKNOWN
      <empty list>
    UNKNOWN
      PsiElement(varidRegexp)('firstZero')
      PsiElement(()('(')
      PsiElement(varidRegexp)('head')
      PsiElement(->)('->')
      PsiElement(integertoken)('0')
      PsiElement())(')')
      PsiElement(=)('=')
      PsiElement(conidRegexp)('True')