HASKELL_FILE
  MODULE_DECL
    PsiElement(module)('module')
    MODULE_NAME
      PsiElement(conidRegexp)('Import00003')
    PsiElement(where)('where')
    PsiComment(CPPIF)('#if defined(__GLASGOW_HASKELL__) && __GLASGOW_HASKELL__ >= 708')
  IMPORT_LIST
    IMPORT_STMT
      PsiElement(import)('import')
      IMPORT_MODULE
        QCONID
          PsiElement(conidRegexp)('Data')
          PsiElement(.)('.')
          PsiElement(conidRegexp)('Typeable')
      PsiElement(()('(')
      IMPORT_EXPLICITS
        IMPORT_EXPLICIT
          PsiElement(conidRegexp)('Typeable')
        PsiElement())(')')
    PsiComment(#else)('#else')
    IMPORT_STMT
      PsiElement(import)('import')
      IMPORT_MODULE
        QCONID
          PsiElement(conidRegexp)('Data')
          PsiElement(.)('.')
          PsiElement(conidRegexp)('Typeable')
      PsiElement(()('(')
      IMPORT_EXPLICITS
        IMPORT_EXPLICIT
          PsiElement(conidRegexp)('Typeable')
        PsiElement(,)(',')
        IMPORT_EXPLICIT
          PsiElement(conidRegexp)('Typeable1')
        PsiElement(,)(',')
        IMPORT_EXPLICIT
          PsiElement(varidRegexp)('mkTyCon3')
        PsiElement(,)(',')
        IMPORT_EXPLICIT
          PsiElement(varidRegexp)('mkTyConApp')
        PsiElement(,)(',')
        IMPORT_EXPLICIT
          PsiElement(varidRegexp)('typeOf')
        PsiElement())(')')
  PsiComment(#endif)('#endif')
  UNKNOWN
    <empty list>