HASKELL_FILE
  MODULE_DECL
    PsiElement(module)('module')
    MODULE_NAME
      PsiElement(conidRegexp)('Import1')
    PsiElement(where)('where')
  IMPORT_LIST
    IMPORT_STMT
      PsiElement(import)('import')
      PsiElement(qualified)('qualified')
      IMPORT_MODULE
        QCONID
          PsiElement(conidRegexp)('Prelude')
      PsiElement(hiding)('hiding')
      PsiElement(()('(')
      IMPORT_HIDDENS
        IMPORT_HIDDEN
          PsiElement(varidRegexp)('zipWith')
        PsiElement(,)(',')
        IMPORT_HIDDEN
          PsiElement(varidRegexp)('head')
        PsiElement())(')')
    IMPORT_STMT
      PsiElement(import)('import')
      IMPORT_MODULE
        QCONID
          PsiElement(conidRegexp)('Data')
          PsiElement(.)('.')
          PsiElement(conidRegexp)('Maybe')
      PsiElement(()('(')
      IMPORT_EXPLICITS
        IMPORT_EXPLICIT
          PsiElement(varidRegexp)('fromMaybe')
        PsiElement(,)(',')
        IMPORT_EXPLICIT
          PsiElement(varidRegexp)('isJust')
        PsiElement())(')')
    IMPORT_STMT
      PsiElement(import)('import')
      PsiElement(qualified)('qualified')
      IMPORT_MODULE
        QCONID
          PsiElement(conidRegexp)('Data')
          PsiElement(.)('.')
          PsiElement(conidRegexp)('Maybe')
      PsiElement(()('(')
      IMPORT_EXPLICITS
        IMPORT_EXPLICIT
          PsiElement(conidRegexp)('Maybe')
        PsiElement(()('(')
        IMPORT_EXPLICIT
          PsiElement(..)('..')
        PsiElement())(')')
        PsiElement())(')')
    IMPORT_STMT
      PsiElement(import)('import')
      PsiElement(qualified)('qualified')
      IMPORT_MODULE
        QCONID
          PsiElement(conidRegexp)('Prelude')
      PsiElement(as)('as')
      IMPORT_ALIAS
        PsiElement(conidRegexp)('P')
  UNKNOWN
    <empty list>