HASKELL_FILE
  MODULE_DECL
    PsiElement(module)('module')
    MODULE_NAME
      PsiElement(conidRegexp)('Layout00010')
    PsiElement(where)('where')
  BODY
    UNKNOWN
      PsiElement(varidRegexp)('lexStdToken')
      PsiElement(::)('::')
      PsiElement(conidRegexp)('Lex')
      PsiElement(varidRegexp)('a')
      PsiElement(conidRegexp)('Token')
    UNKNOWN
      <empty list>
    UNKNOWN
      PsiElement(varidRegexp)('lexStdToken')
      PsiElement(=)('=')
      PsiElement(do)('do')
      PsiElement(case)('case')
      PsiElement(varidRegexp)('s')
      PsiElement(of)('of')
      PsiElement(_)('_')
      PsiElement(->)('->')
      PsiElement(integertoken)('7')
      PsiElement(where)('where')
      PsiElement(varidRegexp)('lexIdents')
      PsiElement(::)('::')
      PsiElement(conidRegexp)('Lex')
      PsiElement(varidRegexp)('a')
      PsiElement([)('[')
      PsiElement(conidRegexp)('String')
      PsiElement(])(']')
      PsiElement(varidRegexp)('lexIdents')
      PsiElement(=)('=')
      PsiElement(do)('do')
      PsiElement(varidRegexp)('exts')