HASKELL_FILE
  MODULE_DECL
    PsiElement(module)('module')
    MODULE_NAME
      PsiElement(conidRegexp)('Layout00017')
    PsiElement(where)('where')
  BODY
    UNKNOWN
      PsiElement(varidRegexp)('foo')
      PsiElement(=)('=')
      PsiElement(do)('do')
      PsiElement(if)('if')
      PsiElement(conidRegexp)('True')
      PsiElement(then)('then')
      PsiElement(varidRegexp)('putStrLn')
      PsiElement(")('"')
      PsiElement(STRINGTOKEN)('yep')
      PsiElement(")('"')
      PsiElement(else)('else')
      PsiElement(varidRegexp)('putStrLn')
      PsiElement(")('"')
      PsiElement(STRINGTOKEN)('nope')
      PsiElement(")('"')