HASKELL_FILE
  MODULE_DECL
    PsiElement(module)('module')
    MODULE_NAME
      PsiElement(conidRegexp)('Module00001')
    PsiErrorElement:Expected where
      <empty list>
  UNKNOWN
    PsiElement(conidRegexp)('()')
    PsiElement(where)('where')
    PsiComment(comment)('-- Parse an empty export list.')