HASKELL_FILE
  PRAGMA_EXPR
    PsiElement({-#)('{-#')
    PsiElement(PRAGMA)('LANGUAGE')
    PRAGMA_LANGS
      PsiErrorElement:Expected language extension name
        <empty list>
    PsiErrorElement:Expected #-}
      <empty list>
  BODY
    UNKNOWN
      PsiElement(PRAGMA)('OverloadedStrings')
      PsiElement(#-})('#-}')
    UNKNOWN
      PsiElement(module)('module')
      PsiElement(conidRegexp)('Proc00001')
      PsiElement(where)('where')
    UNKNOWN
      <empty list>
    UNKNOWN
      PsiElement(import)('import')
      PsiElement(conidRegexp)('Control')
      PsiElement(.)('.')
      PsiElement(conidRegexp)('Applicative')
      PsiElement(()('(')
      PsiElement(()('(')
      PsiElement(VarsymPlus)('*>')
      PsiElement())(')')
      PsiElement())(')')
    UNKNOWN
      <empty list>
    UNKNOWN
      PsiElement(import)('import')
      PsiElement(conidRegexp)('Control')
      PsiElement(.)('.')
      PsiElement(conidRegexp)('Concurrent')
      PsiElement(.)('.')
      PsiElement(conidRegexp)('Async')
      PsiElement(()('(')
      PsiElement(conidRegexp)('Concurrently')
      PsiElement(()('(')
      PsiElement(..)('..')
      PsiElement())(')')
      PsiElement())(')')
    UNKNOWN
      <empty list>
    UNKNOWN
      PsiElement(import)('import')
      PsiElement(conidRegexp)('Data')
      PsiElement(.)('.')
      PsiElement(conidRegexp)('Conduit')
      PsiElement(()('(')
      PsiElement(varidRegexp)('await')
      PsiElement(,)(',')
      PsiElement(varidRegexp)('yield')
      PsiElement(,)(',')
      PsiElement(()('(')
      PsiElement(VarsymPlus)('$$')
      PsiElement())(')')
      PsiElement(,)(',')
      PsiElement(()('(')
      PsiElement(VarsymPlus)('=$')
      PsiElement())(')')
      PsiElement())(')')
    UNKNOWN
      <empty list>
    UNKNOWN
      PsiElement(import)('import')
      PsiElement(qualified)('qualified')
      PsiElement(conidRegexp)('Data')
      PsiElement(.)('.')
      PsiElement(conidRegexp)('Conduit')
      PsiElement(.)('.')
      PsiElement(conidRegexp)('Binary')
      PsiElement(as)('as')
      PsiElement(conidRegexp)('CB')
    UNKNOWN
      <empty list>
    UNKNOWN
      PsiElement(import)('import')
      PsiElement(qualified)('qualified')
      PsiElement(conidRegexp)('Data')
      PsiElement(.)('.')
      PsiElement(conidRegexp)('Conduit')
      PsiElement(.)('.')
      PsiElement(conidRegexp)('List')
      PsiElement(as)('as')
      PsiElement(conidRegexp)('CL')
    UNKNOWN
      <empty list>
    UNKNOWN
      PsiElement(import)('import')
      PsiElement(conidRegexp)('Data')
      PsiElement(.)('.')
      PsiElement(conidRegexp)('Conduit')
      PsiElement(.)('.')
      PsiElement(conidRegexp)('Process')
      PsiElement(()('(')
      PsiElement(conidRegexp)('ClosedStream')
      PsiElement(()('(')
      PsiElement(..)('..')
      PsiElement())(')')
      PsiElement(,)(',')
      PsiElement(varidRegexp)('streamingProcess')
      PsiElement(,)(',')
      PsiElement(varidRegexp)('proc')
      PsiElement(,)(',')
      PsiElement(varidRegexp)('waitForStreamingProcess')
      PsiElement())(')')
    UNKNOWN
      <empty list>
    UNKNOWN
      PsiElement(import)('import')
      PsiElement(conidRegexp)('System')
      PsiElement(.)('.')
      PsiElement(conidRegexp)('IO')
      PsiElement(()('(')
      PsiElement(varidRegexp)('stdin')
      PsiElement())(')')
    UNKNOWN
      <empty list>
    UNKNOWN
      PsiElement(varidRegexp)('main')
      PsiElement(::)('::')
      PsiElement(conidRegexp)('IO')
      PsiElement(conidRegexp)('()')
    UNKNOWN
      <empty list>
    UNKNOWN
      PsiElement(varidRegexp)('main')
      PsiElement(=)('=')
      PsiElement(do)('do')
      PsiElement(varidRegexp)('putStrLn')
      PsiElement(")('"')
      PsiElement(STRINGTOKEN)('Enter lines of data. I'll base64-encode it.')
      PsiElement(")('"')
      PsiElement(varidRegexp)('putStrLn')
      PsiElement(")('"')
      PsiElement(STRINGTOKEN)('Enter \"quit\" to exit.')
      PsiElement(")('"')
      PsiElement(()('(')
      PsiElement(()('(')
      PsiElement(varidRegexp)('toProcess')
      PsiElement(,)(',')
      PsiElement(varidRegexp)('close')
      PsiElement())(')')
      PsiElement(,)(',')
      PsiElement(varidRegexp)('fromProcess')
      PsiElement(,)(',')
      PsiElement(conidRegexp)('ClosedStream')
      PsiElement(,)(',')
      PsiElement(varidRegexp)('cph')
      PsiElement())(')')
      PsiElement(<-)('<-')
      PsiElement(varidRegexp)('streamingProcess')
      PsiElement(()('(')
      PsiElement(varidRegexp)('proc')
      PsiElement(")('"')
      PsiElement(STRINGTOKEN)('base64')
      PsiElement(")('"')
      PsiElement([)('[')
      PsiElement(])(']')
      PsiElement())(')')
      PsiElement(let)('let')
      PsiElement(varidRegexp)('input')
      PsiElement(=)('=')
      PsiElement(conidRegexp)('CB')
      PsiElement(.)('.')
      PsiElement(varidRegexp)('sourceHandle')
      PsiElement(varidRegexp)('stdin')
      PsiElement(VarsymPlus)('$$')
      PsiElement(conidRegexp)('CB')
      PsiElement(.)('.')
      PsiElement(varidRegexp)('lines')
      PsiElement(VarsymPlus)('=$')
      PsiElement(varidRegexp)('inputLoop')
      PsiElement(VarsymPlus)('=$')
      PsiElement(varidRegexp)('toProcess')
      PsiElement(varidRegexp)('inputLoop')
      PsiElement(=)('=')
      PsiElement(do)('do')
      PsiElement(varidRegexp)('mbs')
      PsiElement(<-)('<-')
      PsiElement(varidRegexp)('await')
      PsiElement(case)('case')
      PsiElement(varidRegexp)('mbs')
      PsiElement(of)('of')
      PsiElement(conidRegexp)('Nothing')
      PsiElement(->)('->')
      PsiElement(varidRegexp)('close')
      PsiElement(conidRegexp)('Just')
      PsiElement(")('"')
      PsiElement(STRINGTOKEN)('quit')
      PsiElement(")('"')
      PsiElement(->)('->')
      PsiElement(varidRegexp)('close')
      PsiElement(conidRegexp)('Just')
      PsiElement(varidRegexp)('bs')
      PsiElement(->)('->')
      PsiElement(do)('do')
      PsiElement(varidRegexp)('yield')
      PsiElement(varidRegexp)('bs')
      PsiElement(varidRegexp)('inputLoop')
      PsiElement(varidRegexp)('output')
      PsiElement(=)('=')
      PsiElement(varidRegexp)('fromProcess')
      PsiElement(VarsymPlus)('$$')
      PsiElement(conidRegexp)('CL')
      PsiElement(.)('.')
      PsiElement(varidRegexp)('mapM_')
      PsiElement(()('(')
      PsiElement(\)('\')
      PsiElement(varidRegexp)('bs')
      PsiElement(->)('->')
      PsiElement(varidRegexp)('putStrLn')
      PsiElement($)('$')
      PsiElement(")('"')
      PsiElement(STRINGTOKEN)('from process: ')
      PsiElement(")('"')
      PsiElement(VarsymPlus)('++')
      PsiElement(varidRegexp)('show')
      PsiElement(varidRegexp)('bs')
      PsiElement())(')')
      PsiElement(varidRegexp)('ec')
      PsiElement(<-)('<-')
      PsiElement(varidRegexp)('runConcurrently')
      PsiElement($)('$')
      PsiElement(conidRegexp)('Concurrently')
      PsiElement(varidRegexp)('input')
      PsiElement(VarsymPlus)('*>')
      PsiElement(conidRegexp)('Concurrently')
      PsiElement(varidRegexp)('output')
      PsiElement(VarsymPlus)('*>')
      PsiElement(conidRegexp)('Concurrently')
      PsiElement(()('(')
      PsiElement(varidRegexp)('waitForStreamingProcess')
      PsiElement(varidRegexp)('cph')
      PsiElement())(')')
      PsiElement(varidRegexp)('putStrLn')
      PsiElement($)('$')
      PsiElement(")('"')
      PsiElement(STRINGTOKEN)('Process exit code: ')
      PsiElement(")('"')
      PsiElement(VarsymPlus)('++')
      PsiElement(varidRegexp)('show')
      PsiElement(varidRegexp)('ec')