HASKELL_FILE
  MODULE_DECL
    PsiElement(module)('module')
    MODULE_NAME
      PsiElement(conidRegexp)('String00002')
    PsiElement(where)('where')
  BODY
    UNKNOWN
      PsiElement(varidRegexp)('s')
      PsiElement(=)('=')
      PsiElement(")('"')
      PsiElement(STRINGTOKEN)('\\n    \Remove any backslash (except the first one) and put it back.\\n    \The syntax highlighting will break!\\n    \To fix, modify the first line of this string literal.\\n\')
      PsiElement(")('"')