HASKELL_FILE
  PRAGMA_EXPR
    PsiElement({-#)('{-#')
    PsiElement(PRAGMA)('LANGUAGE')
    PRAGMA_LANGS
      PsiErrorElement:Expected language extension name
        <empty list>
    PsiErrorElement:Expected #-}
      <empty list>
  BODY
    UNKNOWN
      PsiElement(PRAGMA)('QuasiQuotes')
      PsiElement(#-})('#-}')
    UNKNOWN
      PsiElement(module)('module')
      PsiElement(conidRegexp)('TempHask00003')
      PsiElement(where)('where')
    UNKNOWN
      <empty list>
    UNKNOWN
      PsiElement(varidRegexp)('str')
      PsiElement(::)('::')
      PsiElement(conidRegexp)('String')
    UNKNOWN
      <empty list>
    UNKNOWN
      PsiElement(varidRegexp)('str')
      PsiElement(=)('=')
      PsiElement(Quasi-[)('[')
      PsiElement(varidRegexp)('here')
      PsiElement(|)('|')
      PsiElement(Quasi-stuff)('test\ntest\ntest test ')
      PsiElement(|])('|]')