HASKELL_FILE
  PRAGMA_EXPR
    PsiElement({-#)('{-#')
    PsiElement(PRAGMA)('LANGUAGE')
    PRAGMA_LANGS
      PsiErrorElement:Expected language extension name
        <empty list>
    PsiErrorElement:Expected #-}
      <empty list>
  BODY
    UNKNOWN
      PsiElement(PRAGMA)('QuasiQuotes')
      PsiElement(#-})('#-}')
    UNKNOWN
      PsiElement(module)('module')
      PsiElement(conidRegexp)('TempHask00005')
      PsiElement(where)('where')
    UNKNOWN
      <empty list>
    UNKNOWN
      PsiElement(instance)('instance')
      PsiElement(conidRegexp)('Yesod')
      PsiElement(conidRegexp)('App')
      PsiElement(where)('where')
      PsiElement(varidRegexp)('defaultLayout')
      PsiElement(varidRegexp)('widget')
      PsiElement(=)('=')
      PsiElement(do)('do')
      PsiComment(comment)('-- Parse names starting with a single quote in splices.\n')
      PsiElement(varidRegexp)('pc')
      PsiElement(<-)('<-')
      PsiElement(varidRegexp)('widgetToPageContent')
      PsiElement($)('$')
      PsiElement(do)('do')
      PsiElement($()('$(')
      PsiElement(varidRegexp)('combineStylesheets')
      PsiElement(')(''')
      PsiElement(conidRegexp)('StaticR')
      PsiElement([)('[')
      PsiElement(varidRegexp)('css_normalize_css')
      PsiElement(,)(',')
      PsiElement(varidRegexp)('css_bootstrap_css')
      PsiElement(])(']')
      PsiElement())(')')
      PsiElement($()('$(')
      PsiElement(varidRegexp)('widgetFile')
      PsiElement(")('"')
      PsiElement(STRINGTOKEN)('default-layout')
      PsiElement(")('"')
      PsiElement())(')')
      PsiElement(varidRegexp)('giveUrlRenderer')
      PsiElement($()('$(')
      PsiElement(varidRegexp)('hamletFile')
      PsiElement(")('"')
      PsiElement(STRINGTOKEN)('templates/default-layout-wrapper.hamlet')
      PsiElement(")('"')
      PsiElement())(')')