HASKELL_FILE
  MODULE_DECL
    PsiElement(module)('module')
    MODULE_NAME
      PsiElement(conidRegexp)('Type00002')
    PsiElement(where)('where')
  UNKNOWN
    PsiElement(newtype)('newtype')
    PsiElement(conidRegexp)('GhcModT')
    PsiElement(varidRegexp)('m')
    PsiElement(varidRegexp)('a')
    PsiElement(=)('=')
    PsiElement(conidRegexp)('GhcModT')
    PsiElement({)('{')
    PsiElement(varidRegexp)('unGhcModT')
    PsiElement(::)('::')
    PsiElement(conidRegexp)('StateT')
    PsiElement(conidRegexp)('GhcModState')
    PsiElement(()('(')
    PsiElement(conidRegexp)('ErrorT')
    PsiElement(conidRegexp)('GhcModError')
    PsiElement(()('(')
    PsiElement(conidRegexp)('JournalT')
    PsiElement(conidRegexp)('GhcModLog')
    PsiElement(()('(')
    PsiElement(conidRegexp)('ReaderT')
    PsiElement(conidRegexp)('GhcModEnv')
    PsiElement(varidRegexp)('m')
    PsiElement())(')')
    PsiElement())(')')
    PsiElement())(')')
    PsiElement(varidRegexp)('a')
    PsiElement(})('}')
    PsiElement(deriving)('deriving')
    PsiElement(()('(')
    PsiElement(conidRegexp)('Functor')
    PsiElement(,)(',')
    PsiElement(conidRegexp)('Applicative')
    PsiElement(,)(',')
    PsiElement(conidRegexp)('Alternative')
    PsiElement(,)(',')
    PsiElement(conidRegexp)('Monad')
    PsiElement(,)(',')
    PsiElement(conidRegexp)('MonadPlus')
    PsiElement(,)(',')
    PsiElement(conidRegexp)('MonadIO')
    PsiComment(CPPIF)('#if DIFFERENT_MONADIO')
    PsiElement(,)(',')
    PsiElement(conidRegexp)('Control')
    PsiElement(.)('.')
    PsiElement(conidRegexp)('Monad')
    PsiElement(.)('.')
    PsiElement(conidRegexp)('IO')
    PsiElement(.)('.')
    PsiElement(conidRegexp)('Class')
    PsiElement(.)('.')
    PsiElement(conidRegexp)('MonadIO')
    PsiComment(#endif)('#endif')
    PsiElement(,)(',')
    PsiElement(conidRegexp)('MonadReader')
    PsiElement(conidRegexp)('GhcModEnv')
    PsiComment(comment)('-- TODO: make MonadReader instance\n')
    PsiComment(comment)('-- pass-through like MonadState\n')
    PsiElement(,)(',')
    PsiElement(conidRegexp)('MonadWriter')
    PsiElement(varidRegexp)('w')
    PsiElement(,)(',')
    PsiElement(conidRegexp)('MonadError')
    PsiElement(conidRegexp)('GhcModError')
    PsiElement())(')')