HASKELL_FILE
  MODULE_DECL
    PsiElement(module)('module')
    MODULE_NAME
      PsiElement(conidRegexp)('Type00006')
    PsiElement(where)('where')
  UNKNOWN
    PsiElement(newtype)('newtype')
    PsiElement(conidRegexp)('MaybeK')
    PsiElement(varidRegexp)('a')
    PsiElement(=)('=')
    PsiElement(conidRegexp)('MaybeK')
    PsiElement({)('{')
    PsiElement(varidRegexp)('runMaybeK')
    PsiElement(::)('::')
    PsiElement(forall)('forall')
    PsiElement(varidRegexp)('r')
    PsiElement(.)('.')
    PsiElement(()('(')
    PsiElement(varidRegexp)('a')
    PsiElement(->)('->')
    PsiElement(conidRegexp)('Maybe')
    PsiElement(varidRegexp)('r')
    PsiElement())(')')
    PsiElement(->)('->')
    PsiElement(conidRegexp)('Maybe')
    PsiElement(varidRegexp)('r')
    PsiElement(})('}')